
[1m[46m RUN [49m[22m [36mv3.2.4 [39m[90mC:/Dev/Fixzit[39m

[90mstdout[2m | tests/unit/models/HelpArticle.test.ts[2m > [22m[2mHelpArticle model schema[2m > [22m[2mexposes expected indexes on the schema
[22m[39mHelpArticle indexes: [
  [
    {
      "changeHistory.changedAt": -1
    },
    {
      "background": true
    }
  ],
  [
    {
      "changeHistory.changedBy": 1
    },
    {
      "background": true
    }
  ],
  [
    {
      "createdBy": 1
    },
    {
      "background": true
    }
  ],
  [
    {
      "updatedBy": 1
    },
    {
      "background": true
    }
  ],
  [
    {
      "version": 1
    },
    {
      "background": true
    }
  ],
  [
    {
      "orgId": 1,
      "slug": 1
    },
    {
      "unique": true,
      "partialFilterExpression": {
        "orgId": {
          "$exists": true
        }
      },
      "background": true
    }
  ],
  [
    {
      "orgId": 1,
      "title": "text",
      "content": "text",
      "tags": "text"
    },
    {
      "background": true
    }
  ],
  [
    {
      "orgId": 1,
      "locale": 1
    },
    {
      "background": true
    }
  ],
  [
    {
      "orgId": 1,
      "roles": 1
    },
    {
      "background": true
    }
  ],
  [
    {
      "orgId": 1,
      "status": 1
    },
    {
      "background": true
    }
  ]
]

 [32mΓ£ô[39m [30m[42m server [49m[39m tests/unit/models/HelpArticle.test.ts [2m([22m[2m6 tests[22m[2m)[22m[33m 2526[2mms[22m[39m
   [33m[2mΓ£ô[22m[39m HelpArticle model schema[2m > [22mvalidates required fields (slug, title, content) [33m 608[2mms[22m[39m
   [33m[2mΓ£ô[22m[39m HelpArticle model schema[2m > [22mapplies default values (status='PUBLISHED', tags=[], routeHints=[]) [33m 470[2mms[22m[39m
 [32mΓ£ô[39m [30m[42m server [49m[39m tests/unit/api/qa/log.route.test.ts [2m([22m[2m34 tests[22m[2m)[22m[33m 3573[2mms[22m[39m
   [33m[2mΓ£ô[22m[39m api/qa/log route[2m > [22mRBAC[2m > [22mreturns 401 when not authenticated (POST) [33m 628[2mms[22m[39m
 [32mΓ£ô[39m [30m[42m server [49m[39m tests/unit/api/qa/alert.route.test.ts [2m([22m[2m32 tests[22m[2m)[22m[33m 3096[2mms[22m[39m
   [33m[2mΓ£ô[22m[39m QA Alert Route[2m > [22mPOST /api/qa/alert[2m > [22mreturns success when request is valid [33m 397[2mms[22m[39m
 [32mΓ£ô[39m [30m[42m server [49m[39m tests/api/souq/claims.test.ts [2m([22m[2m29 tests[22m[2m)[22m[33m 3444[2mms[22m[39m
   [33m[2mΓ£ô[22m[39m Claims API - Core Functionality[2m > [22mPOST /api/souq/claims - Create Claim[2m > [22mshould create a claim with valid data [33m 1384[2mms[22m[39m
 [32mΓ£ô[39m [30m[42m server [49m[39m tests/unit/api/fm/finance/budgets.test.ts [2m([22m[2m25 tests[22m[2m)[22m[33m 1752[2mms[22m[39m
   [33m[2mΓ£ô[22m[39m POST /api/fm/finance/budgets[2m > [22mValidation[2m > [22mreturns 400 when allocated is not positive [33m 457[2mms[22m[39m
 [32mΓ£ô[39m [30m[42m server [49m[39m tests/services/returns-service.test.ts [2m([22m[2m8 tests[22m[2m)[22m[33m 1472[2mms[22m[39m
   [33m[2mΓ£ô[22m[39m returnsService[2m > [22mcreates RMA with mapped return reason and refund totals [33m 459[2mms[22m[39m
 [32mΓ£ô[39m [30m[42m server [49m[39m tests/unit/models/User.test.ts [2m([22m[2m25 tests[22m[2m)[22m[33m 2494[2mms[22m[39m
   [33m[2mΓ£ô[22m[39m User model - Role Validation[2m > [22mshould accept valid roles from Role enum [33m 331[2mms[22m[39m
 [32mΓ£ô[39m [30m[42m server [49m[39m tests/services/auto-repricer-service.test.ts [2m([22m[2m7 tests[22m[2m)[22m[33m 1878[2mms[22m[39m
   [33m[2mΓ£ô[22m[39m AutoRepricerService[2m > [22mrepriceSeller[2m > [22mshould return empty results when repricer is disabled [33m 592[2mms[22m[39m
 [32mΓ£ô[39m [30m[42m server [49m[39m tests/unit/app/api/search/search-rbac-scope.test.ts [2m([22m[2m18 tests[22m[2m)[22m[33m 643[2mms[22m[39m
[90mstdout[2m | tests/unit/models/WorkOrder.test.ts[2m > [22m[2mWorkOrder model - Database Operations[2m > [22m[2mshould find work order by workOrderNumber
[22m[39m[waitForMongoConnection] Waiting... readyState=0, elapsed=5103ms

[90mstdout[2m | tests/unit/models/WorkOrder.test.ts[2m > [22m[2mWorkOrder model - Database Operations[2m > [22m[2mshould update work order status
[22m[39m[waitForMongoConnection] Waiting... readyState=0, elapsed=5108ms

[90mstdout[2m | tests/unit/models/WorkOrder.test.ts[2m > [22m[2mWorkOrder model - Database Operations[2m > [22m[2mshould delete work order from database
[22m[39m[waitForMongoConnection] Waiting... readyState=0, elapsed=5086ms

[90mstdout[2m | tests/unit/models/WorkOrder.test.ts[2m > [22m[2mWorkOrder model - Multi-tenant Isolation[2m > [22m[2mshould enforce unique workOrderNumber per organization
[22m[39m[waitForMongoConnection] Waiting... readyState=0, elapsed=5073ms

[90mstdout[2m | tests/unit/models/WorkOrder.test.ts[2m > [22m[2mWorkOrder model - Multi-tenant Isolation[2m > [22m[2mshould allow same workOrderNumber in different organizations
[22m[39m[waitForMongoConnection] Waiting... readyState=0, elapsed=5061ms

[90mstdout[2m | tests/unit/models/WorkOrder.test.ts[2m > [22m[2mWorkOrder model - SLA Management[2m > [22m[2mshould store SLA response and resolution times
[22m[39m[waitForMongoConnection] Waiting... readyState=0, elapsed=5071ms

[90mstdout[2m | tests/unit/models/WorkOrder.test.ts[2m > [22m[2mWorkOrder model - SLA Management[2m > [22m[2mshould default SLA status to ON_TIME
[22m[39m[waitForMongoConnection] Waiting... readyState=0, elapsed=5068ms

[90mstdout[2m | tests/unit/models/WorkOrder.test.ts[2m > [22m[2mWorkOrder model - SLA Management[2m > [22m[2mshould store SLA deadlines
[22m[39m[waitForMongoConnection] Waiting... readyState=0, elapsed=5093ms

[90mstdout[2m | tests/unit/models/WorkOrder.test.ts[2m > [22m[2mWorkOrder model - SLA Management[2m > [22m[2mshould validate SLA status enum
[22m[39m[waitForMongoConnection] Waiting... readyState=0, elapsed=5069ms

[90mstdout[2m | tests/unit/models/WorkOrder.test.ts[2m > [22m[2mWorkOrder model - Location Information[2m > [22m[2mshould require location.propertyId
[22m[39m[waitForMongoConnection] Waiting... readyState=0, elapsed=5096ms

[90mstdout[2m | tests/unit/models/WorkOrder.test.ts[2m > [22m[2mWorkOrder model - Location Information[2m > [22m[2mshould store optional location details
[22m[39m[waitForMongoConnection] Waiting... readyState=0, elapsed=5064ms

[90mstdout[2m | tests/unit/models/WorkOrder.test.ts[2m > [22m[2mWorkOrder model - Requester Information[2m > [22m[2mshould require requester.type and requester.name
[22m[39m[waitForMongoConnection] Waiting... readyState=0, elapsed=5078ms

[90mstdout[2m | tests/unit/models/WorkOrder.test.ts[2m > [22m[2mWorkOrder model - Requester Information[2m > [22m[2mshould validate requester.type enum
[22m[39m[waitForMongoConnection] Waiting... readyState=0, elapsed=5116ms

[90mstdout[2m | tests/unit/models/WorkOrder.test.ts[2m > [22m[2mWorkOrder model - Requester Information[2m > [22m[2mshould store requester contact information
[22m[39m[waitForMongoConnection] Waiting... readyState=0, elapsed=5072ms

[90mstdout[2m | tests/unit/models/WorkOrder.test.ts[2m > [22m[2mWorkOrder model - Plugins[2m > [22m[2mshould have orgId field from tenantIsolationPlugin
[22m[39m[waitForMongoConnection] Waiting... readyState=0, elapsed=5061ms

[90mstdout[2m | tests/unit/models/WorkOrder.test.ts[2m > [22m[2mWorkOrder model - Plugins[2m > [22m[2mshould have audit fields from auditPlugin
[22m[39m[waitForMongoConnection] Waiting... readyState=0, elapsed=5065ms

