
[1m[46m RUN [49m[22m [36mv3.2.4 [39m[90mC:/Dev/Fixzit[39m

 [32mΓ£ô[39m [30m[42m server [49m[39m tests/finance/unit/posting.service.test.ts [2m([22m[2m11 tests[22m[2m)[22m[33m 1285[2mms[22m[39m
 [32mΓ£ô[39m [30m[42m server [49m[39m tests/unit/api/qa/log.route.test.ts [2m([22m[2m34 tests[22m[2m)[22m[33m 2429[2mms[22m[39m
   [33m[2mΓ£ô[22m[39m api/qa/log route[2m > [22mRBAC[2m > [22mreturns 401 when not authenticated (POST) [33m 477[2mms[22m[39m
 [32mΓ£ô[39m [30m[42m server [49m[39m tests/api/souq/claims.test.ts [2m([22m[2m29 tests[22m[2m)[22m[33m 1674[2mms[22m[39m
   [33m[2mΓ£ô[22m[39m Claims API - Core Functionality[2m > [22mPOST /api/souq/claims - Create Claim[2m > [22mshould create a claim with valid data [33m 662[2mms[22m[39m
 [32mΓ£ô[39m [30m[42m server [49m[39m tests/unit/api/qa/alert.route.test.ts [2m([22m[2m32 tests[22m[2m)[22m[33m 1844[2mms[22m[39m
[90mstdout[2m | tests/unit/models/HelpArticle.test.ts[2m > [22m[2mHelpArticle model schema[2m > [22m[2mexposes expected indexes on the schema
[22m[39mHelpArticle indexes: [
  [
    {
      "changeHistory.changedAt": -1
    },
    {
      "background": true
    }
  ],
  [
    {
      "changeHistory.changedBy": 1
    },
    {
      "background": true
    }
  ],
  [
    {
      "createdBy": 1
    },
    {
      "background": true
    }
  ],
  [
    {
      "updatedBy": 1
    },
    {
      "background": true
    }
  ],
  [
    {
      "version": 1
    },
    {
      "background": true
    }
  ],
  [
    {
      "orgId": 1,
      "slug": 1
    },
    {
      "unique": true,
      "partialFilterExpression": {
        "orgId": {
          "$exists": true
        }
      },
      "background": true
    }
  ],
  [
    {
      "orgId": 1,
      "title": "text",
      "content": "text",
      "tags": "text"
    },
    {
      "background": true
    }
  ],
  [
    {
      "orgId": 1,
      "locale": 1
    },
    {
      "background": true
    }
  ],
  [
    {
      "orgId": 1,
      "roles": 1
    },
    {
      "background": true
    }
  ],
  [
    {
      "orgId": 1,
      "status": 1
    },
    {
      "background": true
    }
  ]
]

 [32mΓ£ô[39m [30m[42m server [49m[39m tests/unit/models/HelpArticle.test.ts [2m([22m[2m6 tests[22m[2m)[22m[33m 1243[2mms[22m[39m
 [32mΓ£ô[39m [30m[42m server [49m[39m tests/unit/models/User.test.ts [2m([22m[2m25 tests[22m[2m)[22m[33m 1538[2mms[22m[39m
 [32mΓ£ô[39m [30m[42m server [49m[39m tests/services/buybox-service.test.ts [2m([22m[2m12 tests[22m[2m)[22m[33m 1177[2mms[22m[39m
 [32mΓ£ô[39m [30m[42m server [49m[39m tests/services/inventory-service.test.ts [2m([22m[2m8 tests[22m[2m)[22m[33m 984[2mms[22m[39m
 [32mΓ£ô[39m [30m[42m server [49m[39m tests/unit/api/fm/finance/budgets.test.ts [2m([22m[2m25 tests[22m[2m)[22m[33m 461[2mms[22m[39m
 [32mΓ£ô[39m [30m[42m server [49m[39m tests/server/auth-middleware-edge-cases.test.ts [2m([22m[2m55 tests[22m[2m)[22m[33m 788[2mms[22m[39m
 [32mΓ£ô[39m [30m[42m server [49m[39m tests/services/returns-service.test.ts [2m([22m[2m8 tests[22m[2m | [22m[33m1 skipped[39m[2m)[22m[33m 955[2mms[22m[39m
 [32mΓ£ô[39m [30m[42m server [49m[39m tests/unit/lib/sms-providers/taqnyat.test.ts [2m([22m[2m16 tests[22m[2m)[22m[33m 329[2mms[22m[39m
 [32mΓ£ô[39m [30m[42m server [49m[39m tests/api/copilot/chat.route.test.ts [2m([22m[2m3 tests[22m[2m)[22m[33m 932[2mms[22m[39m
   [33m[2mΓ£ô[22m[39m API /api/copilot/chat[2m > [22mPOST - Send Chat Message[2m > [22mreturns 429 when rate limit is exceeded [33m 412[2mms[22m[39m
 [32mΓ£ô[39m [30m[42m server [49m[39m tests/api/vendors/vendors.route.test.ts [2m([22m[2m4 tests[22m[2m)[22m[33m 705[2mms[22m[39m
 [32mΓ£ô[39m [30m[42m server [49m[39m tests/unit/api/fm/finance/expenses.test.ts [2m([22m[2m15 tests[22m[2m)[22m[33m 655[2mms[22m[39m
 [32mΓ£ô[39m [30m[42m server [49m[39m tests/api/hr/attendance.route.test.ts [2m([22m[2m5 tests[22m[2m)[22m[33m 393[2mms[22m[39m
 [32mΓ£ô[39m [30m[42m server [49m[39m tests/api/aqar/listings-id.route.test.ts [2m([22m[2m6 tests[22m[2m)[22m[33m 655[2mms[22m[39m
 [32mΓ£ô[39m [30m[42m server [49m[39m tests/api/assets/asset-by-id.route.test.ts [2m([22m[2m5 tests[22m[2m)[22m[33m 742[2mms[22m[39m
 [32mΓ£ô[39m [30m[42m server [49m[39m tests/unit/api/souq/orders/route.test.ts [2m([22m[2m5 tests[22m[2m)[22m[33m 647[2mms[22m[39m
   [33m[2mΓ£ô[22m[39m /api/souq/orders[2m > [22mrejects requests when auth is missing [33m 303[2mms[22m[39m
 [32mΓ£ô[39m [30m[42m server [49m[39m tests/api/public/rfqs.route.test.ts [2m([22m[2m5 tests[22m[2m)[22m[33m 824[2mms[22m[39m
   [33m[2mΓ£ô[22m[39m API /api/public/rfqs[2m > [22mGET - List Public RFQs[2m > [22mreturns 429 when rate limit is exceeded [33m 341[2mms[22m[39m
 [32mΓ£ô[39m [30m[42m server [49m[39m tests/unit/models/WorkOrder.test.ts [2m([22m[2m26 tests[22m[2m)[22m[33m 1032[2mms[22m[39m
 [32mΓ£ô[39m [30m[42m server [49m[39m tests/api/fm/expenses.route.test.ts [2m([22m[2m3 tests[22m[2m)[22m[33m 820[2mms[22m[39m
   [33m[2mΓ£ô[22m[39m API /api/fm/finance/expenses[2m > [22mGET - List Expenses[2m > [22mreturns 429 when rate limit exceeded [33m 354[2mms[22m[39m
 [32mΓ£ô[39m [30m[42m server [49m[39m tests/unit/lib/csrf.test.ts [2m([22m[2m13 tests[22m[2m)[22m[33m 346[2mms[22m[39m
 [32mΓ£ô[39m [30m[42m server [49m[39m tests/services/fulfillment-service.test.ts [2m([22m[2m9 tests[22m[2m)[22m[33m 1087[2mms[22m[39m
 [32mΓ£ô[39m [30m[42m server [49m[39m tests/services/account-health-service.test.ts [2m([22m[2m9 tests[22m[2m)[22m[33m 905[2mms[22m[39m
 [32mΓ£ô[39m [30m[42m server [49m[39m tests/api/properties/properties-id.route.test.ts [2m([22m[2m3 tests[22m[2m)[22m[33m 630[2mms[22m[39m
node.exe : [90mstderr[2m | tests/api/auth/refresh.replay.test.ts[2m > [22m[2mAPI /api/auth/refresh replay protection[2m > [22m[2mrejects unknown jti in production
At C:\Users\Geekay\AppData\Roaming\npm\pnpm.ps1:24 char:5
+     & "node$exe"  "$basedir/node_modules/pnpm/bin/pnpm.cjs" $args
+     ~~~~~~~~~~~~~~~~~~~~~~~~~~~~~~~~~~~~~~~~~~~~~~~~~~~~~~~~~~~~~
    + CategoryInfo          : NotSpecified: ([90mstderr[2m...i in production:String) [], RemoteException
    + FullyQualifiedErrorId : NativeCommandError
 
[22m[39m[WARN] [auth/refresh] Unknown JTI - potential replay attack { sub: [32m'u1'[39m, jti: [32m'unknown'[39m }

 [32mΓ£ô[39m [30m[42m server [49m[39m tests/api/auth/refresh.replay.test.ts [2m([22m[2m4 tests[22m[2m)[22m[33m 616[2mms[22m[39m
 [32mΓ£ô[39m [30m[42m server [49m[39m tests/api/finance/reports/owner-statement.route.test.ts [2m([22m[2m10 tests[22m[2m)[22m[33m 785[2mms[22m[39m
 [32mΓ£ô[39m [30m[42m server [49m[39m tests/api/admin/audit-logs.route.test.ts [2m([22m[2m9 tests[22m[2m)[22m[33m 744[2mms[22m[39m
 [32mΓ£ô[39m [30m[42m server [49m[39m tests/unit/api/souq/returns/mutations.test.ts [2m([22m[2m5 tests[22m[2m)[22m[33m 686[2mms[22m[39m
 [32mΓ£ô[39m [30m[42m server [49m[39m tests/unit/api/souq/returns/route.test.ts [2m([22m[2m4 tests[22m[2m)[22m[33m 801[2mms[22m[39m
 [32mΓ£ô[39m [30m[42m server [49m[39m tests/api/search/search.route.test.ts [2m([22m[2m4 tests[22m[2m)[22m[33m 702[2mms[22m[39m
 [32mΓ£ô[39m [30m[42m server [49m[39m tests/unit/lib/sse/index.test.ts [2m([22m[2m14 tests[22m[2m)[22m[33m 326[2mms[22m[39m
 [32mΓ£ô[39m [30m[42m server [49m[39m tests/api/finance/journals-action.route.test.ts [2m([22m[2m14 tests[22m[2m)[22m[33m 821[2mms[22m[39m
 [32mΓ£ô[39m [30m[42m server [49m[39m tests/unit/models/Property.test.ts [2m([22m[2m21 tests[22m[2m)[22m[33m 769[2mms[22m[39m
 [32mΓ£ô[39m [30m[42m server [49m[39m tests/integration/app/api/search/search.integration.test.ts [2m([22m[2m6 tests[22m[2m)[22m[33m 722[2mms[22m[39m
 [32mΓ£ô[39m [30m[42m server [49m[39m tests/api/aqar/offline.route.test.ts [2m([22m[2m2 tests[22m[2m)[22m[33m 644[2mms[22m[39m
 [32mΓ£ô[39m [30m[42m server [49m[39m tests/api/compliance/policies.route.test.ts [2m([22m[2m1 test[22m[2m)[22m[33m 749[2mms[22m[39m
   [33m[2mΓ£ô[22m[39m Compliance Policies API[2m > [22mGET /api/compliance/policies[2m > [22mshould reject unauthenticated requests [33m 356[2mms[22m[39m
 [32mΓ£ô[39m [30m[42m server [49m[39m tests/services/seller-kyc-service.test.ts [2m([22m[2m13 tests[22m[2m)[22m[33m 957[2mms[22m[39m
 [32mΓ£ô[39m [30m[42m server [49m[39m tests/unit/api/fm/marketplace/vendors.route.test.ts [2m([22m[2m16 tests[22m[2m)[22m[33m 417[2mms[22m[39m
 [32mΓ£ô[39m [30m[42m server [49m[39m tests/unit/models/Asset.test.ts [2m([22m[2m9 tests[22m[2m)[22m[33m 967[2mms[22m[39m
 [32mΓ£ô[39m [30m[42m server [49m[39m tests/services/fm/sla-breach-service.test.ts [2m([22m[2m20 tests[22m[2m)[22m[33m 384[2mms[22m[39m
 [32mΓ£ô[39m [30m[42m server [49m[39m tests/api/fm/marketplace-orders.route.test.ts [2m([22m[2m3 tests[22m[2m)[22m[33m 798[2mms[22m[39m
   [33m[2mΓ£ô[22m[39m API /api/fm/marketplace/orders[2m > [22mGET - List Orders[2m > [22mreturns 429 when rate limit exceeded [33m 333[2mms[22m[39m
 [32mΓ£ô[39m [30m[42m server [49m[39m tests/api/marketplace/products.route.test.ts [2m([22m[2m9 tests[22m[2m)[22m[33m 753[2mms[22m[39m
 [32mΓ£ô[39m [30m[42m server [49m[39m tests/api/souq/categories/categories.route.test.ts [2m([22m[2m1 test[22m[2m)[22m[33m 516[2mms[22m[39m
 [32mΓ£ô[39m [30m[42m server [49m[39m tests/api/aqar/insights-pricing.route.test.ts [2m([22m[2m2 tests[22m[2m)[22m[33m 736[2mms[22m[39m
 [32mΓ£ô[39m [30m[42m server [49m[39m tests/api/returns/refund-route.test.ts [2m([22m[2m3 tests[22m[2m)[22m[33m 632[2mms[22m[39m
 [32mΓ£ô[39m [30m[42m server [49m[39m tests/api/aqar/pricing.route.test.ts [2m([22m[2m2 tests[22m[2m)[22m[33m 615[2mms[22m[39m
 [32mΓ£ô[39m [30m[42m server [49m[39m tests/api/aqar/recommendations.route.test.ts [2m([22m[2m2 tests[22m[2m)[22m[33m 705[2mms[22m[39m
   [33m[2mΓ£ô[22m[39m API /api/aqar/recommendations[2m > [22mGET - Get Recommendations[2m > [22mreturns 429 when rate limit exceeded [33m 349[2mms[22m[39m
 [32mΓ£ô[39m [30m[42m server [49m[39m tests/api/hr/leave-types.route.test.ts [2m([22m[2m1 test[22m[2m)[22m[33m 364[2mms[22m[39m
 [32mΓ£ô[39m [30m[42m server [49m[39m tests/api/ats/analytics.route.test.ts [2m([22m[2m2 tests[22m[2m)[22m[33m 573[2mms[22m[39m
 [32mΓ£ô[39m [30m[42m server [49m[39m tests/server/hr/payroll.service.test.ts [2m([22m[2m3 tests[22m[2m)[22m[33m 335[2mms[22m[39m
 [32mΓ£ô[39m [30m[42m server [49m[39m tests/api/ats/jobs.route.test.ts [2m([22m[2m1 test[22m[2m)[22m[33m 536[2mms[22m[39m
 [32mΓ£ô[39m [30m[42m server [49m[39m tests/api/fm/reports.route.test.ts [2m([22m[2m3 tests[22m[2m)[22m[33m 639[2mms[22m[39m
 [32mΓ£ô[39m [30m[42m server [49m[39m tests/unit/lib/sla/business-hours.test.ts [2m([22m[2m24 tests[22m[2m)[22m[33m 527[2mms[22m[39m
 [32mΓ£ô[39m [30m[42m server [49m[39m tests/api/contracts/contracts.route.test.ts [2m([22m[2m2 tests[22m[2m)[22m[33m 652[2mms[22m[39m
 [32mΓ£ô[39m [30m[42m server [49m[39m tests/api/fm/escalations.route.test.ts [2m([22m[2m3 tests[22m[2m)[22m[33m 683[2mms[22m[39m
 [32mΓ£ô[39m [30m[42m server [49m[39m tests/api/souq/repricer/routes.test.ts [2m([22m[2m5 tests[22m[2m)[22m[33m 663[2mms[22m[39m
 [32mΓ£ô[39m [30m[42m server [49m[39m tests/unit/lib/finance/decimal.test.ts [2m([22m[2m40 tests[22m[2m)[22m[33m 610[2mms[22m[39m
 [32mΓ£ô[39m [30m[42m server [49m[39m tests/unit/lib/qa/sanitize.test.ts [2m([22m[2m56 tests[22m[2m)[22m[33m 601[2mms[22m[39m
 [32mΓ£ô[39m [30m[42m server [49m[39m tests/unit/lib/__tests__/audit.test.ts [2m([22m[2m28 tests[22m[2m)[22m[33m 454[2mms[22m[39m
 [32mΓ£ô[39m [30m[42m server [49m[39m tests/api/vendors/vendor-by-id.route.test.ts [2m([22m[2m4 tests[22m[2m)[22m[33m 711[2mms[22m[39m
 [32mΓ£ô[39m [30m[42m server [49m[39m tests/api/aqar/map.route.test.ts [2m([22m[2m2 tests[22m[2m)[22m[33m 856[2mms[22m[39m
   [33m[2mΓ£ô[22m[39m API /api/aqar/map[2m > [22mGET - Get Map Data[2m > [22mreturns 429 when rate limit exceeded [33m 392[2mms[22m[39m
 [32mΓ£ô[39m [30m[42m server [49m[39m tests/api/marketplace/checkout.route.test.ts [2m([22m[2m6 tests[22m[2m)[22m[33m 661[2mms[22m[39m
 [32mΓ£ô[39m [30m[42m server [49m[39m tests/unit/api/marketplace/products/[slug]/route.test.ts [2m([22m[2m10 tests[22m[2m)[22m[33m 599[2mms[22m[39m
 [32mΓ£ô[39m [30m[42m server [49m[39m tests/unit/lib/auth-503-regression.test.ts [2m([22m[2m11 tests[22m[2m)[22m[33m 366[2mms[22m[39m
 [32mΓ£ô[39m [30m[42m server [49m[39m tests/services/search-indexer-service.test.ts [2m([22m[2m13 tests[22m[2m)[22m[33m 416[2mms[22m[39m
 [32mΓ£ô[39m [30m[42m server [49m[39m tests/unit/api/logs.route.test.ts [2m([22m[2m6 tests[22m[2m)[22m[33m 341[2mms[22m[39m
 [32mΓ£ô[39m [30m[42m server [49m[39m tests/api/hr/leaves.route.test.ts [2m([22m[2m1 test[22m[2m)[22m[33m 713[2mms[22m[39m
   [33m[2mΓ£ô[22m[39m HR Leaves API[2m > [22mGET /api/hr/leaves[2m > [22mshould reject unauthenticated requests [33m 374[2mms[22m[39m
 [32mΓ£ô[39m [30m[42m server [49m[39m tests/unit/lib/storage/s3-config.test.ts [2m([22m[2m21 tests[22m[2m)[22m[33m 416[2mms[22m[39m
 [32mΓ£ô[39m [30m[42m server [49m[39m tests/api/trial-request/trial-request.route.test.ts [2m([22m[2m1 test[22m[2m)[22m[33m 709[2mms[22m[39m
   [33m[2mΓ£ô[22m[39m Trial Request API[2m > [22mshould accept valid trial request [33m 347[2mms[22m[39m
 [32mΓ£ô[39m [30m[42m server [49m[39m tests/unit/api/souq/fulfillment/fulfillment-routes.test.ts [2m([22m[2m4 tests[22m[2m)[22m[33m 917[2mms[22m[39m
   [33m[2mΓ£ô[22m[39m Souq fulfillment routes - org scoping[2m > [22mPOST /api/souq/fulfillment/generate-label[2m > [22mrejects when orgId is missing on session [33m 372[2mms[22m[39m
 [32mΓ£ô[39m [30m[42m server [49m[39m tests/api/fm/work-orders.route.test.ts [2m([22m[2m3 tests[22m[2m)[22m[33m 828[2mms[22m[39m
 [32mΓ£ô[39m [30m[42m server [49m[39m tests/unit/app/api/search/search-rbac-scope.test.ts [2m([22m[2m18 tests[22m[2m)[22m[33m 447[2mms[22m[39m
 [32mΓ£ô[39m [30m[42m server [49m[39m tests/api/rfqs/rfqs.route.test.ts [2m([22m[2m4 tests[22m[2m)[22m[33m 729[2mms[22m[39m
   [33m[2mΓ£ô[22m[39m API /api/rfqs[2m > [22mPOST - Create RFQ[2m > [22mreturns 400 for missing title [33m 317[2mms[22m[39m
 [32mΓ£ô[39m [30m[42m server [49m[39m tests/api/vendors/vendors-detail.route.test.ts [2m([22m[2m1 test[22m[2m)[22m[33m 568[2mms[22m[39m
 [32mΓ£ô[39m [30m[42m server [49m[39m tests/api/aqar/support-chatbot.route.test.ts [2m([22m[2m3 tests[22m[2m)[22m[33m 668[2mms[22m[39m
 [32mΓ£ô[39m [30m[42m server [49m[39m tests/api/pm/plans.route.test.ts [2m([22m[2m1 test[22m[2m)[22m[33m 528[2mms[22m[39m
 [32mΓ£ô[39m [30m[42m server [49m[39m tests/api/marketplace/vendor-products.route.test.ts [2m([22m[2m12 tests[22m[2m)[22m[33m 417[2mms[22m[39m
 [32mΓ£ô[39m [30m[42m server [49m[39m tests/api/souq/claims/claims.route.test.ts [2m([22m[2m1 test[22m[2m)[22m[33m 508[2mms[22m[39m
 [32mΓ£ô[39m [30m[42m server [49m[39m tests/api/fm/support-tickets.route.test.ts [2m([22m[2m3 tests[22m[2m)[22m[33m 537[2mms[22m[39m
 [32mΓ£ô[39m [30m[42m server [49m[39m tests/api/health/health.route.test.ts [2m([22m[2m3 tests[22m[2m)[22m[33m 554[2mms[22m[39m
 [32mΓ£ô[39m [30m[42m server [49m[39m tests/api/souq/brands/brands.route.test.ts [2m([22m[2m1 test[22m[2m)[22m[33m 585[2mms[22m[39m
 [32mΓ£ô[39m [30m[42m server [49m[39m tests/unit/api/crm/crm.test.ts [2m([22m[2m24 tests[22m[2m)[22m[33m 373[2mms[22m[39m
 [32mΓ£ô[39m [30m[42m server [49m[39m tests/api/projects/projects.route.test.ts [2m([22m[2m1 test[22m[2m)[22m[33m 683[2mms[22m[39m
   [33m[2mΓ£ô[22m[39m Projects API[2m > [22mGET /api/projects[2m > [22mshould reject unauthenticated requests [33m 333[2mms[22m[39m
 [32mΓ£ô[39m [30m[42m server [49m[39m tests/unit/api/work-orders/filters.route.test.ts [2m([22m[2m6 tests[22m[2m)[22m[33m 409[2mms[22m[39m
 [32mΓ£ô[39m [30m[42m server [49m[39m tests/unit/api/souq/search/route.test.ts [2m([22m[2m2 tests[22m[2m)[22m[33m 766[2mms[22m[39m
   [33m[2mΓ£ô[22m[39m GET /api/souq/search[2m > [22mapplies isActive and org filters with escaping and sets headers [33m 323[2mms[22m[39m
 [32mΓ£ô[39m [30m[42m server [49m[39m tests/api/marketplace/products-list.route.test.ts [2m([22m[2m1 test[22m[2m)[22m[33m 617[2mms[22m[39m
 [32mΓ£ô[39m [30m[42m server [49m[39m tests/tools.spec.ts [2m([22m[2m24 tests[22m[2m)[22m[33m 527[2mms[22m[39m
 [32mΓ£ô[39m [30m[42m server [49m[39m tests/api/aqar/favorites-id.route.test.ts [2m([22m[2m3 tests[22m[2m)[22m[33m 681[2mms[22m[39m
 [32mΓ£ô[39m [30m[42m server [49m[39m tests/services/zatca/zatca-phase2.test.ts [2m([22m[2m38 tests[22m[2m)[22m[33m 639[2mms[22m[39m
 [32mΓ£ô[39m [30m[42m server [49m[39m tests/unit/api/error-handling.test.ts [2m([22m[2m25 tests[22m[2m)[22m[33m 468[2mms[22m[39m
 [32mΓ£ô[39m [30m[42m server [49m[39m tests/unit/lib/sms-queue.test.ts [2m([22m[2m8 tests[22m[2m)[22m[33m 323[2mms[22m[39m
 [32mΓ£ô[39m [30m[42m server [49m[39m tests/api/souq/categories.route.test.ts [2m([22m[2m1 test[22m[2m)[22m[33m 580[2mms[22m[39m
 [32mΓ£ô[39m [30m[42m server [49m[39m tests/unit/api/metrics.route.test.ts [2m([22m[2m5 tests[22m[2m)[22m[33m 341[2mms[22m[39m
 [32mΓ£ô[39m [30m[42m server [49m[39m tests/unit/api/work-orders/rbac.test.ts [2m([22m[2m24 tests[22m[2m)[22m[33m 487[2mms[22m[39m
 [32mΓ£ô[39m [30m[42m server [49m[39m tests/api/tenants/tenants.route.test.ts [2m([22m[2m3 tests[22m[2m)[22m[33m 653[2mms[22m[39m
 [32mΓ£ô[39m [30m[42m server [49m[39m tests/unit/api/public/rfqs/route.test.ts [2m([22m[2m11 tests[22m[2m)[22m[33m 377[2mms[22m[39m
 [32mΓ£ô[39m [30m[42m server [49m[39m tests/unit/api/souq/seller-central/kyc-submit.test.ts [2m([22m[2m15 tests[22m[2m)[22m[33m 492[2mms[22m[39m
 [32mΓ£ô[39m [30m[42m server [49m[39m tests/api/slas/slas.route.test.ts [2m([22m[2m1 test[22m[2m)[22m[33m 705[2mms[22m[39m
   [33m[2mΓ£ô[22m[39m SLAs API[2m > [22mGET /api/slas[2m > [22mshould reject unauthenticated requests [33m 310[2mms[22m[39m
 [32mΓ£ô[39m [30m[42m server [49m[39m tests/api/souq/ads-rbac.route.test.ts [2m([22m[2m4 tests[22m[2m)[22m[33m 392[2mms[22m[39m
 [32mΓ£ô[39m [30m[42m server [49m[39m tests/unit/api/hr/rbac.test.ts [2m([22m[2m22 tests[22m[2m)[22m[33m 453[2mms[22m[39m
 [32mΓ£ô[39m [30m[42m server [49m[39m tests/api/kb/search.route.test.ts [2m([22m[2m1 test[22m[2m)[22m[33m 457[2mms[22m[39m
 [32mΓ£ô[39m [30m[42m server [49m[39m tests/api/aqar/chat.route.test.ts [2m([22m[2m2 tests[22m[2m)[22m[33m 357[2mms[22m[39m
 [32mΓ£ô[39m [30m[42m server [49m[39m tests/api/fm/budgets.route.test.ts [2m([22m[2m3 tests[22m[2m)[22m[33m 395[2mms[22m[39m
 [32mΓ£ô[39m [30m[42m server [49m[39m tests/api/ats/jobs-public.route.test.ts [2m([22m[2m30 tests[22m[2m)[22m[33m 611[2mms[22m[39m
 [32mΓ£ô[39m [30m[42m server [49m[39m tests/unit/api/admin/billing.benchmark.route.test.ts [2m([22m[2m1 test[22m[2m)[22m[33m 403[2mms[22m[39m
 [32mΓ£ô[39m [30m[42m server [49m[39m tests/api/admin/sms.route.test.ts [2m([22m[2m1 test[22m[2m)[22m[33m 583[2mms[22m[39m
 [32mΓ£ô[39m [30m[42m server [49m[39m tests/api/aqar/leads.route.test.ts [2m([22m[2m2 tests[22m[2m)[22m[33m 603[2mms[22m[39m
 [32mΓ£ô[39m [30m[42m server [49m[39m tests/server/services/owner/analytics.test.ts [2m([22m[2m16 tests[22m[2m)[22m[33m 427[2mms[22m[39m
 [32mΓ£ô[39m [30m[42m server [49m[39m tests/unit/api/admin/notifications.history.route.test.ts [2m([22m[2m1 test[22m[2m)[22m[33m 618[2mms[22m[39m
 [32mΓ£ô[39m [30m[42m server [49m[39m tests/api/aqar/listings-search.route.test.ts [2m([22m[2m2 tests[22m[2m)[22m[33m 596[2mms[22m[39m
 [32mΓ£ô[39m [30m[42m server [49m[39m tests/unit/lib/auth/safe-session.test.ts [2m([22m[2m11 tests[22m[2m)[22m[33m 342[2mms[22m[39m
 [32mΓ£ô[39m [30m[42m server [49m[39m tests/api/finance/accounts.route.test.ts [2m([22m[2m7 tests[22m[2m)[22m[33m 408[2mms[22m[39m
 [32mΓ£ô[39m [30m[42m server [49m[39m tests/unit/api/fm/work-orders/transition.route.test.ts [2m([22m[2m2 tests[22m[2m)[22m[33m 365[2mms[22m[39m
 [32mΓ£ô[39m [30m[42m server [49m[39m tests/unit/lib/audit.test.ts [2m([22m[2m45 tests[22m[2m)[22m[33m 663[2mms[22m[39m
 [32mΓ£ô[39m [30m[42m server [49m[39m tests/unit/lib/finance/tap-payments.test.ts [2m([22m[2m34 tests[22m[2m)[22m[33m 540[2mms[22m[39m
 [32mΓ£ô[39m [30m[42m server [49m[39m tests/api/marketplace/cart.route.test.ts [2m([22m[2m8 tests[22m[2m)[22m[33m 376[2mms[22m[39m
 [32mΓ£ô[39m [30m[42m server [49m[39m tests/api/rfqs/bids.route.test.ts [2m([22m[2m3 tests[22m[2m)[22m[33m 702[2mms[22m[39m
 [32mΓ£ô[39m [30m[42m server [49m[39m tests/policy.spec.ts [2m([22m[2m28 tests[22m[2m)[22m[33m 440[2mms[22m[39m
 [32mΓ£ô[39m [30m[42m server [49m[39m tests/unit/api/admin/notifications.send.test.ts [2m([22m[2m3 tests[22m[2m)[22m[33m 634[2mms[22m[39m
 [32mΓ£ô[39m [30m[42m server [49m[39m tests/unit/lib/otp-utils.test.ts [2m([22m[2m48 tests[22m[2m)[22m[33m 799[2mms[22m[39m
 [32mΓ£ô[39m [30m[42m server [49m[39m tests/api/souq/reviews/reviews-list.route.test.ts [2m([22m[2m1 test[22m[2m)[22m[33m 776[2mms[22m[39m
   [33m[2mΓ£ô[22m[39m Souq Reviews List API[2m > [22mGET /api/souq/reviews[2m > [22mshould return reviews [33m 403[2mms[22m[39m
 [32mΓ£ô[39m [30m[42m server [49m[39m tests/unit/lib/ats/scoring.test.ts [2m([22m[2m19 tests[22m[2m)[22m[33m 544[2mms[22m[39m
 [32mΓ£ô[39m [30m[42m server [49m[39m tests/api/counters/counters.route.test.ts [2m([22m[2m1 test[22m[2m)[22m[33m 693[2mms[22m[39m
   [33m[2mΓ£ô[22m[39m Counters API[2m > [22mGET /api/counters[2m > [22mshould return empty counters for unauthenticated requests (graceful degradation) [33m 319[2mms[22m[39m
 [32mΓ£ô[39m [30m[42m server [49m[39m tests/api/finance/invoices-detail.route.test.ts [2m([22m[2m1 test[22m[2m)[22m[33m 692[2mms[22m[39m
   [33m[2mΓ£ô[22m[39m Finance Invoices Detail API[2m > [22mGET /api/finance/invoices/[id][2m > [22mshould reject unauthenticated requests [33m 330[2mms[22m[39m
 [32mΓ£ô[39m [30m[42m server [49m[39m tests/api/admin/audit-logs-expanded.route.test.ts [2m([22m[2m3 tests[22m[2m)[22m[33m 607[2mms[22m[39m
 [32mΓ£ô[39m [30m[42m server [49m[39m tests/unit/api/trial-request/route.test.ts [2m([22m[2m3 tests[22m[2m)[22m[33m 669[2mms[22m[39m
 [32mΓ£ô[39m [30m[42m server [49m[39m tests/api/invoices/invoices.route.test.ts [2m([22m[2m1 test[22m[2m)[22m[33m 672[2mms[22m[39m
   [33m[2mΓ£ô[22m[39m Invoices API[2m > [22mGET /api/invoices[2m > [22mshould reject unauthenticated requests [33m 309[2mms[22m[39m
 [32mΓ£ô[39m [30m[42m server [49m[39m tests/api/auth/post-login.route.test.ts [2m([22m[2m3 tests[22m[2m)[22m[33m 412[2mms[22m[39m
 [32mΓ£ô[39m [30m[42m server [49m[39m tests/services/auto-repricer-service.test.ts [2m([22m[2m7 tests[22m[2m)[22m[33m 771[2mms[22m[39m
 [32mΓ£ô[39m [30m[42m server [49m[39m tests/api/work-orders/bulk.route.test.ts [2m([22m[2m19 tests[22m[2m)[22m[33m 498[2mms[22m[39m
 [32mΓ£ô[39m [30m[42m server [49m[39m tests/api/careers/apply.route.test.ts [2m([22m[2m1 test[22m[2m)[22m[33m 576[2mms[22m[39m
 [32mΓ£ô[39m [30m[42m server [49m[39m tests/unit/lib/validations/asset-schemas.test.ts [2m([22m[2m28 tests[22m[2m)[22m[33m 658[2mms[22m[39m
 [32mΓ£ô[39m [30m[42m server [49m[39m tests/api/fm/properties.route.test.ts [2m([22m[2m2 tests[22m[2m)[22m[33m 839[2mms[22m[39m
   [33m[2mΓ£ô[22m[39m API /api/fm/properties[2m > [22mGET - List Properties[2m > [22mreturns 429 when rate limit exceeded [33m 396[2mms[22m[39m
 [32mΓ£ô[39m [30m[42m server [49m[39m tests/unit/lib/config/tenant.test.ts [2m([22m[2m23 tests[22m[2m)[22m[33m 724[2mms[22m[39m
 [32mΓ£ô[39m [30m[42m server [49m[39m tests/unit/api/admin/price-tiers.route.test.ts [2m([22m[2m4 tests[22m[2m)[22m[33m 391[2mms[22m[39m
 [32mΓ£ô[39m [30m[42m server [49m[39m tests/unit/lib/utils/safe-fetch.test.ts [2m([22m[2m21 tests[22m[2m)[22m[33m 847[2mms[22m[39m
 [32mΓ£ô[39m [30m[42m server [49m[39m tests/services/reviews/review-service.test.ts [2m([22m[2m12 tests[22m[2m)[22m[33m 820[2mms[22m[39m
 [32mΓ£ô[39m [30m[42m server [49m[39m tests/unit/lib/auth.test.ts [2m([22m[2m17 tests[22m[2m)[22m[33m 679[2mms[22m[39m
 [32mΓ£ô[39m [30m[42m server [49m[39m tests/api/copilot/knowledge.route.test.ts [2m([22m[2m1 test[22m[2m)[22m[33m 751[2mms[22m[39m
   [33m[2mΓ£ô[22m[39m Copilot Knowledge API[2m > [22mPOST /api/copilot/knowledge[2m > [22mshould reject requests without valid webhook secret [33m 374[2mms[22m[39m
 [32mΓ£ô[39m [30m[42m server [49m[39m tests/unit/server/services/subscriptionSeatService.test.ts [2m([22m[2m11 tests[22m[2m)[22m[33m 635[2mms[22m[39m
 [32mΓ£ô[39m [30m[42m server [49m[39m tests/unit/lib/queues/sms-queue.test.ts [2m([22m[2m5 tests[22m[2m)[22m[33m 700[2mms[22m[39m
 [32mΓ£ô[39m [30m[42m server [49m[39m tests/unit/lib/health-aggregator.test.ts [2m([22m[2m16 tests[22m[2m)[22m[33m 390[2mms[22m[39m
 [32mΓ£ô[39m [30m[42m server [49m[39m tests/unit/server/services/subscriptionBillingService.test.ts [2m([22m[2m23 tests[22m[2m)[22m[33m 1067[2mms[22m[39m
 [32mΓ£ô[39m [30m[42m server [49m[39m tests/api/metrics/metrics.route.test.ts [2m([22m[2m1 test[22m[2m)[22m[33m 544[2mms[22m[39m
 [32mΓ£ô[39m [30m[42m server [49m[39m tests/api/souq/products.route.test.ts [2m([22m[2m1 test[22m[2m)[22m[33m 748[2mms[22m[39m
   [33m[2mΓ£ô[22m[39m Souq Products API[2m > [22mshould return products [33m 377[2mms[22m[39m
 [32mΓ£ô[39m [30m[42m server [49m[39m tests/api/invoices/bulk.route.test.ts [2m([22m[2m19 tests[22m[2m)[22m[33m 596[2mms[22m[39m
 [32mΓ£ô[39m [30m[42m server [49m[39m tests/api/owner/statements.route.test.ts [2m([22m[2m1 test[22m[2m)[22m[33m 553[2mms[22m[39m
 [32mΓ£ô[39m [30m[42m server [49m[39m tests/api/fm/vendors.route.test.ts [2m([22m[2m2 tests[22m[2m)[22m[33m 837[2mms[22m[39m
   [33m[2mΓ£ô[22m[39m API /api/fm/marketplace/vendors[2m > [22mGET - List Vendors[2m > [22mreturns 429 when rate limit exceeded [33m 374[2mms[22m[39m
 [32mΓ£ô[39m [30m[42m server [49m[39m tests/server/lib/validate-public-https-url.test.ts [2m([22m[2m15 tests[22m[2m)[22m[33m 472[2mms[22m[39m
 [32mΓ£ô[39m [30m[42m server [49m[39m tests/api/rfqs.guard.test.ts [2m([22m[2m9 tests[22m[2m)[22m[33m 492[2mms[22m[39m
 [32mΓ£ô[39m [30m[42m server [49m[39m tests/unit/api/souq/ads/campaigns.route.test.ts [2m([22m[2m15 tests[22m[2m)[22m[33m 408[2mms[22m[39m
 [32mΓ£ô[39m [30m[42m server [49m[39m tests/api/subscriptions/tenant.route.test.ts [2m([22m[2m1 test[22m[2m)[22m[33m 770[2mms[22m[39m
   [33m[2mΓ£ô[22m[39m Subscriptions Tenant API[2m > [22mGET /api/subscriptions/tenant[2m > [22mshould reject unauthenticated requests [33m 382[2mms[22m[39m
 [32mΓ£ô[39m [30m[42m server [49m[39m tests/api/souq/catalog-products.route.test.ts [2m([22m[2m10 tests[22m[2m)[22m[33m 688[2mms[22m[39m
 [32mΓ£ô[39m [30m[42m server [49m[39m tests/server/services/ats/ics.test.ts [2m([22m[2m16 tests[22m[2m)[22m[33m 511[2mms[22m[39m
 [32mΓ£ô[39m [30m[42m server [49m[39m tests/unit/middleware.test.ts [2m([22m[2m49 tests[22m[2m)[22m[33m 716[2mms[22m[39m
 [32mΓ£ô[39m [30m[42m server [49m[39m tests/api/vendors/vendors-list.route.test.ts [2m([22m[2m1 test[22m[2m)[22m[33m 643[2mms[22m[39m
 [32mΓ£ô[39m [30m[42m server [49m[39m tests/api/user/preferences.route.test.ts [2m([22m[2m1 test[22m[2m)[22m[33m 572[2mms[22m[39m
 [32mΓ£ô[39m [30m[42m server [49m[39m tests/unit/api/admin/notifications/send.test.ts [2m([22m[2m13 tests[22m[2m)[22m[33m 527[2mms[22m[39m
 [32mΓ£ô[39m [30m[42m server [49m[39m tests/api/hr/employees.route.test.ts [2m([22m[2m12 tests[22m[2m)[22m[33m 474[2mms[22m[39m
 [32mΓ£ô[39m [30m[42m server [49m[39m tests/api/export-jobs/export-jobs.route.test.ts [2m([22m[2m11 tests[22m[2m)[22m[33m 462[2mms[22m[39m
 [32mΓ£ô[39m [30m[42m server [49m[39m tests/unit/api/work-orders/patch.route.test.ts [2m([22m[2m10 tests[22m[2m)[22m[33m 519[2mms[22m[39m
 [32mΓ£ô[39m [30m[42m server [49m[39m tests/api/souq/orders.route.test.ts [2m([22m[2m13 tests[22m[2m)[22m[33m 593[2mms[22m[39m
 [32mΓ£ô[39m [30m[42m server [49m[39m tests/server/copilot/dispatchWorkOrder.test.ts [2m([22m[2m3 tests[22m[2m)[22m[33m 378[2mms[22m[39m
 [32mΓ£ô[39m [30m[42m server [49m[39m tests/api/hr/payroll-runs.route.test.ts [2m([22m[2m9 tests[22m[2m)[22m[33m 415[2mms[22m[39m
 [32mΓ£ô[39m [30m[42m server [49m[39m tests/api/marketplace/orders.route.test.ts [2m([22m[2m3 tests[22m[2m)[22m[33m 350[2mms[22m[39m
 [32mΓ£ô[39m [30m[42m server [49m[39m tests/unit/lib/sms-providers/phone-utils.test.ts [2m([22m[2m16 tests[22m[2m)[22m[33m 465[2mms[22m[39m
 [32mΓ£ô[39m [30m[42m server [49m[39m tests/api/payments/tap-webhook.route.test.ts [2m([22m[2m5 tests[22m[2m)[22m[33m 457[2mms[22m[39m
 [32mΓ£ô[39m [30m[42m server [49m[39m tests/services/finance/invoice-reminder-service.test.ts [2m([22m[2m29 tests[22m[2m)[22m[33m 614[2mms[22m[39m
 [32mΓ£ô[39m [30m[42m server [49m[39m tests/api/referrals/referrals.route.test.ts [2m([22m[2m1 test[22m[2m)[22m[33m 586[2mms[22m[39m
 [32mΓ£ô[39m [30m[42m server [49m[39m tests/unit/api/souq/settlements/request-payout.test.ts [2m([22m[2m12 tests[22m[2m)[22m[33m 505[2mms[22m[39m
 [32mΓ£ô[39m [30m[42m server [49m[39m tests/unit/api/souq/returns/approve-route.test.ts [2m([22m[2m1 test[22m[2m)[22m[33m 378[2mms[22m[39m
 [32mΓ£ô[39m [30m[42m server [49m[39m tests/api/superadmin/branding.route.test.ts [2m([22m[2m12 tests[22m[2m)[22m[33m 496[2mms[22m[39m
 [32mΓ£ô[39m [30m[42m server [49m[39m tests/api/compliance/audits.route.test.ts [2m([22m[2m1 test[22m[2m)[22m[33m 601[2mms[22m[39m
 [32mΓ£ô[39m [30m[42m server [49m[39m tests/api/work-orders/comments.route.test.ts [2m([22m[2m1 test[22m[2m)[22m[33m 584[2mms[22m[39m
 [32mΓ£ô[39m [30m[42m server [49m[39m tests/unit/api/with-error-handling.test.ts [2m([22m[2m20 tests[22m[2m)[22m[33m 521[2mms[22m[39m
 [32mΓ£ô[39m [30m[42m server [49m[39m tests/unit/lib/resilience/circuit-breaker-metrics.test.ts [2m([22m[2m9 tests[22m[2m)[22m[33m 423[2mms[22m[39m
 [32mΓ£ô[39m [30m[42m server [49m[39m tests/unit/lib/utils/currency-formatter.test.ts [2m([22m[2m40 tests[22m[2m)[22m[33m 809[2mms[22m[39m
 [32mΓ£ô[39m [30m[42m server [49m[39m tests/api/logs/logs.route.test.ts [2m([22m[2m7 tests[22m[2m)[22m[33m 370[2mms[22m[39m
 [32mΓ£ô[39m [30m[42m server [49m[39m tests/server/hr/leave.service.test.ts [2m([22m[2m3 tests[22m[2m)[22m[33m 407[2mms[22m[39m
 [32mΓ£ô[39m [30m[42m server [49m[39m tests/unit/lib/buildingModel.test.ts [2m([22m[2m25 tests[22m[2m)[22m[33m 698[2mms[22m[39m
[90mstdout[2m | tests/unit/lib/icu-completeness.test.ts[2m > [22m[2mi18n ICU Completeness[2m > [22m[2mDictionary Parity[2m > [22m[2midentifies keys missing from AR
[22m[39mKeys in EN missing from AR (3): [
  [32m'checkout.backToPricing'[39m,
  [32m'checkout.invalidPlan'[39m,
  [32m'checkout.invalidPlanDescription'[39m
]

[90mstdout[2m | tests/unit/lib/icu-completeness.test.ts[2m > [22m[2mi18n ICU Completeness[2m > [22m[2mDictionary Parity[2m > [22m[2midentifies keys missing from EN
[22m[39mKeys in AR missing from EN (39): [
  [32m'common.preview'[39m,
  [32m'common.copy'[39m,
  [32m'common.copySecret'[39m,
  [32m'common.increase'[39m,
  [32m'common.decrease'[39m,
  [32m'common.sendTest'[39m,
  [32m'common.runNow'[39m,
  [32m'common.viewHistory'[39m,
  [32m'common.viewLogs'[39m,
  [32m'common.testWebhook'[39m
]

 [32mΓ£ô[39m [30m[42m server [49m[39m tests/unit/lib/icu-completeness.test.ts [2m([22m[2m14 tests[22m[2m)[22m[33m 481[2mms[22m[39m
 [32mΓ£ô[39m [30m[42m server [49m[39m tests/unit/api/finance/rbac.test.ts [2m([22m[2m19 tests[22m[2m)[22m[33m 454[2mms[22m[39m
 [32mΓ£ô[39m [30m[42m server [49m[39m tests/unit/lib/security-monitoring.test.ts [2m([22m[2m17 tests[22m[2m)[22m[33m 445[2mms[22m[39m
 [32mΓ£ô[39m [30m[42m server [49m[39m tests/unit/api/souq/returns/label-generation.test.ts [2m([22m[2m1 test[22m[2m)[22m[33m 389[2mms[22m[39m
 [32mΓ£ô[39m [30m[42m server [49m[39m tests/api/hr/payroll-calculate.route.test.ts [2m([22m[2m7 tests[22m[2m)[22m[33m 538[2mms[22m[39m
 [32mΓ£ô[39m [30m[42m server [49m[39m tests/api/owner/properties.route.test.ts [2m([22m[2m1 test[22m[2m)[22m[33m 754[2mms[22m[39m
   [33m[2mΓ£ô[22m[39m Owner Properties API[2m > [22mGET /api/owner/properties[2m > [22mshould reject unauthenticated requests [33m 378[2mms[22m[39m
 [32mΓ£ô[39m [30m[42m server [49m[39m tests/unit/lib/pubsub.test.ts [2m([22m[2m10 tests[22m[2m)[22m[33m 388[2mms[22m[39m
 [32mΓ£ô[39m [30m[42m server [49m[39m tests/api/auth/signup.route.test.ts [2m([22m[2m1 test[22m[2m)[22m[33m 528[2mms[22m[39m
 [32mΓ£ô[39m [30m[42m server [49m[39m tests/api/auth/verify.route.test.ts [2m([22m[2m1 test[22m[2m)[22m[33m 638[2mms[22m[39m
 [32mΓ£ô[39m [30m[42m server [49m[39m tests/unit/services/websocket-cleanup.test.ts [2m([22m[2m13 tests[22m[2m)[22m[33m 718[2mms[22m[39m
 [32mΓ£ô[39m [30m[42m server [49m[39m tests/api/user/profile.route.test.ts [2m([22m[2m1 test[22m[2m)[22m[33m 398[2mms[22m[39m
 [32mΓ£ô[39m [30m[42m server [49m[39m tests/server/services/hr/employee.service.test.ts [2m([22m[2m11 tests[22m[2m)[22m[33m 499[2mms[22m[39m
 [32mΓ£ô[39m [30m[42m server [49m[39m tests/unit/lib/aqar/recommendation.test.ts [2m([22m[2m8 tests[22m[2m)[22m[33m 441[2mms[22m[39m
 [32mΓ£ô[39m [30m[42m server [49m[39m tests/api/finance/journals.route.test.ts [2m([22m[2m8 tests[22m[2m)[22m[33m 516[2mms[22m[39m
 [32mΓ£ô[39m [30m[42m server [49m[39m tests/api/ats/applications.route.test.ts [2m([22m[2m4 tests[22m[2m)[22m[33m 416[2mms[22m[39m
 [32mΓ£ô[39m [30m[42m server [49m[39m tests/api/superadmin/impersonate.route.test.ts [2m([22m[2m6 tests[22m[2m)[22m[33m 441[2mms[22m[39m
 [32mΓ£ô[39m [30m[42m server [49m[39m tests/api/souq/brands.route.test.ts [2m([22m[2m6 tests[22m[2m)[22m[33m 427[2mms[22m[39m
 [32mΓ£ô[39m [30m[42m server [49m[39m tests/models/SearchSynonym.test.ts [2m([22m[2m3 tests[22m[2m)[22m[33m 472[2mms[22m[39m
 [32mΓ£ô[39m [30m[42m server [49m[39m tests/unit/server/security/idempotency.spec.ts [2m([22m[2m10 tests[22m[2m)[22m[33m 489[2mms[22m[39m
 [32mΓ£ô[39m [30m[42m server [49m[39m tests/api/finance/expenses.route.test.ts [2m([22m[2m10 tests[22m[2m)[22m[33m 474[2mms[22m[39m
 [32mΓ£ô[39m [30m[42m server [49m[39m tests/unit/lib/sms-providers/index.test.ts [2m([22m[2m11 tests[22m[2m)[22m[33m 480[2mms[22m[39m
 [32mΓ£ô[39m [30m[42m server [49m[39m tests/unit/api/admin/billing/benchmark.test.ts [2m([22m[2m9 tests[22m[2m)[22m[33m 467[2mms[22m[39m
 [32mΓ£ô[39m [30m[42m server [49m[39m tests/api/hr/payroll.route.test.ts [2m([22m[2m12 tests[22m[2m)[22m[33m 543[2mms[22m[39m
 [32mΓ£ô[39m [30m[42m server [49m[39m tests/models/aqarBooking.test.ts [2m([22m[2m10 tests[22m[2m)[22m[33m 430[2mms[22m[39m
 [32mΓ£ô[39m [30m[42m server [49m[39m tests/api/souq/search/search.route.test.ts [2m([22m[2m1 test[22m[2m)[22m[33m 519[2mms[22m[39m
 [32mΓ£ô[39m [30m[42m server [49m[39m tests/services/aqar/lease-service.test.ts [2m([22m[2m9 tests[22m[2m)[22m[33m 565[2mms[22m[39m
 [32mΓ£ô[39m [30m[42m server [49m[39m tests/unit/lib/sla.spec.ts [2m([22m[2m28 tests[22m[2m)[22m[33m 801[2mms[22m[39m
 [32mΓ£ô[39m [30m[42m server [49m[39m tests/api/souq/sellers/sellers.route.test.ts [2m([22m[2m1 test[22m[2m)[22m[33m 822[2mms[22m[39m
   [33m[2mΓ£ô[22m[39m Souq Sellers API[2m > [22mshould reject unauthenticated requests [33m 425[2mms[22m[39m
 [32mΓ£ô[39m [30m[42m server [49m[39m tests/api/issues.route.test.ts [2m([22m[2m8 tests[22m[2m)[22m[33m 449[2mms[22m[39m
 [32mΓ£ô[39m [30m[42m server [49m[39m tests/unit/api/souq/seller-central/kyc-verify-document.test.ts [2m([22m[2m5 tests[22m[2m)[22m[33m 477[2mms[22m[39m
 [32mΓ£ô[39m [30m[42m server [49m[39m tests/api/hr/payroll-wps-export.route.test.ts [2m([22m[2m9 tests[22m[2m)[22m[33m 463[2mms[22m[39m
 [32mΓ£ô[39m [30m[42m server [49m[39m tests/api/superadmin/notifications.route.test.ts [2m([22m[2m8 tests[22m[2m)[22m[33m 457[2mms[22m[39m
 [32mΓ£ô[39m [30m[42m server [49m[39m tests/unit/api/support/incidents.route.test.ts [2m([22m[2m7 tests[22m[2m)[22m[33m 392[2mms[22m[39m
 [32mΓ£ô[39m [30m[42m server [49m[39m tests/api/admin/feature-flags.route.test.ts [2m([22m[2m8 tests[22m[2m)[22m[33m 582[2mms[22m[39m
 [32mΓ£ô[39m [30m[42m server [49m[39m tests/api/fm/marketplace-listings.route.test.ts [2m([22m[2m2 tests[22m[2m)[22m[33m 804[2mms[22m[39m
   [33m[2mΓ£ô[22m[39m API /api/fm/marketplace/listings[2m > [22mGET - List Marketplace Listings[2m > [22mreturns 429 when rate limit exceeded [33m 374[2mms[22m[39m
 [32mΓ£ô[39m [30m[42m server [49m[39m tests/server/lib/resilience/circuit-breaker-integration.test.ts [2m([22m[2m9 tests[22m[2m)[22m[33m 398[2mms[22m[39m
 [32mΓ£ô[39m [30m[42m server [49m[39m tests/unit/lib/aqar/pricingInsights.test.ts [2m([22m[2m7 tests[22m[2m)[22m[33m 387[2mms[22m[39m
 [32mΓ£ô[39m [30m[42m server [49m[39m tests/api/aqar/listings.route.test.ts [2m([22m[2m3 tests[22m[2m)[22m[33m 383[2mms[22m[39m
 [32mΓ£ô[39m [30m[42m server [49m[39m tests/unit/lib/db/index-coverage.test.ts [2m([22m[2m15 tests[22m[2m)[22m[33m 410[2mms[22m[39m
 [32mΓ£ô[39m [30m[42m server [49m[39m tests/api/work-orders/auto-assign.route.test.ts [2m([22m[2m17 tests[22m[2m)[22m[33m 642[2mms[22m[39m
 [32mΓ£ô[39m [30m[42m server [49m[39m tests/unit/src_lib_utils.spec.ts [2m([22m[2m15 tests[22m[2m)[22m[33m 547[2mms[22m[39m
 [32mΓ£ô[39m [30m[42m server [49m[39m tests/api/finance/payments-action.route.test.ts [2m([22m[2m11 tests[22m[2m)[22m[33m 777[2mms[22m[39m
 [32mΓ£ô[39m [30m[42m server [49m[39m tests/api/help/ask.route.test.ts [2m([22m[2m8 tests[22m[2m)[22m[33m 538[2mms[22m[39m
 [32mΓ£ô[39m [30m[42m server [49m[39m tests/unit/api/issues/issues.route.test.ts [2m([22m[2m10 tests[22m[2m)[22m[33m 460[2mms[22m[39m
 [32mΓ£ô[39m [30m[42m server [49m[39m tests/api/admin/discounts.route.test.ts [2m([22m[2m7 tests[22m[2m)[22m[33m 462[2mms[22m[39m
 [32mΓ£ô[39m [30m[42m server [49m[39m tests/unit/api/admin/billing/pricebooks.test.ts [2m([22m[2m10 tests[22m[2m)[22m[33m 580[2mms[22m[39m
 [32mΓ£ô[39m [30m[42m server [49m[39m tests/unit/lib/notifications.bulk.test.ts [2m([22m[2m3 tests[22m[2m)[22m[33m 408[2mms[22m[39m
 [32mΓ£ô[39m [30m[42m server [49m[39m tests/api/notifications/notifications-list.route.test.ts [2m([22m[2m1 test[22m[2m)[22m[33m 571[2mms[22m[39m
 [32mΓ£ô[39m [30m[42m server [49m[39m tests/jobs/sms-sla-monitor.test.ts [2m([22m[2m2 tests[22m[2m)[22m[33m 411[2mms[22m[39m
 [32mΓ£ô[39m [30m[42m server [49m[39m tests/unit/server/services/onboardingEntities.test.ts [2m([22m[2m8 tests[22m[2m)[22m[33m 409[2mms[22m[39m
 [32mΓ£ô[39m [30m[42m server [49m[39m tests/api/souq/settlements.route.test.ts [2m([22m[2m7 tests[22m[2m)[22m[33m 434[2mms[22m[39m
 [32mΓ£ô[39m [30m[42m server [49m[39m tests/api/souq/fulfillment-rates.route.test.ts [2m([22m[2m5 tests[22m[2m)[22m[33m 418[2mms[22m[39m
 [32mΓ£ô[39m [30m[42m server [49m[39m tests/unit/lib/db/collections.test.ts [2m([22m[2m7 tests[22m[2m)[22m[33m 448[2mms[22m[39m
 [32mΓ£ô[39m [30m[42m server [49m[39m tests/unit/api/souq/seller-central/kyc-approve.test.ts [2m([22m[2m6 tests[22m[2m)[22m[33m 482[2mms[22m[39m
 [32mΓ£ô[39m [30m[42m server [49m[39m tests/unit/api/souq/claims/claims.route.test.ts [2m([22m[2m21 tests[22m[2m)[22m[33m 739[2mms[22m[39m
 [32mΓ£ô[39m [30m[42m server [49m[39m tests/api/souq/inventory.route.test.ts [2m([22m[2m7 tests[22m[2m)[22m[33m 411[2mms[22m[39m
 [32mΓ£ô[39m [30m[42m server [49m[39m tests/unit/api/souq/settlements/transactions.test.ts [2m([22m[2m13 tests[22m[2m)[22m[33m 698[2mms[22m[39m
 [32mΓ£ô[39m [30m[42m server [49m[39m tests/api/cron/cron.route.test.ts [2m([22m[2m1 test[22m[2m)[22m[33m 364[2mms[22m[39m
 [32mΓ£ô[39m [30m[42m server [49m[39m tests/unit/lib/finance/provision.test.ts [2m([22m[2m6 tests[22m[2m)[22m[33m 461[2mms[22m[39m
 [32mΓ£ô[39m [30m[42m server [49m[39m tests/api/support/tickets.route.test.ts [2m([22m[2m8 tests[22m[2m)[22m[33m 503[2mms[22m[39m
 [32mΓ£ô[39m [30m[42m server [49m[39m tests/unit/app/api/search/search-scope.test.ts [2m([22m[2m6 tests[22m[2m)[22m[33m 422[2mms[22m[39m
 [32mΓ£ô[39m [30m[42m server [49m[39m tests/api/dev/check-env.route.test.ts [2m([22m[2m4 tests[22m[2m)[22m[33m 392[2mms[22m[39m
 [32mΓ£ô[39m [30m[42m server [49m[39m tests/unit/lib/parse.test.ts [2m([22m[2m6 tests[22m[2m)[22m[33m 401[2mms[22m[39m
 [32mΓ£ô[39m [30m[42m server [49m[39m tests/services/fm/auto-assignment-engine.test.ts [2m([22m[2m5 tests[22m[2m)[22m[33m 418[2mms[22m[39m
 [32mΓ£ô[39m [30m[42m server [49m[39m tests/api/souq/returns/returns.route.test.ts [2m([22m[2m1 test[22m[2m)[22m[33m 402[2mms[22m[39m
 [32mΓ£ô[39m [30m[42m server [49m[39m tests/api/souq/orders/orders.route.test.ts [2m([22m[2m1 test[22m[2m)[22m[33m 404[2mms[22m[39m
 [32mΓ£ô[39m [30m[42m server [49m[39m tests/unit/api/admin/billing/annual-discount.test.ts [2m([22m[2m3 tests[22m[2m)[22m[33m 376[2mms[22m[39m
 [32mΓ£ô[39m [30m[42m server [49m[39m tests/unit/services/souq/fulfillment-service.test.ts [2m([22m[2m5 tests[22m[2m)[22m[33m 390[2mms[22m[39m
 [32mΓ£ô[39m [30m[42m server [49m[39m tests/api/souq/search.route.test.ts [2m([22m[2m6 tests[22m[2m)[22m[33m 391[2mms[22m[39m
 [32mΓ£ô[39m [30m[42m server [49m[39m tests/unit/api/aqar/favorites.route.test.ts [2m([22m[2m5 tests[22m[2m)[22m[33m 387[2mms[22m[39m
 [32mΓ£ô[39m [30m[42m server [49m[39m tests/api/souq/ads-campaigns.route.test.ts [2m([22m[2m7 tests[22m[2m)[22m[33m 432[2mms[22m[39m
 [32mΓ£ô[39m [30m[42m server [49m[39m tests/api/marketplace/search.route.test.ts [2m([22m[2m8 tests[22m[2m)[22m[33m 535[2mms[22m[39m
 [32mΓ£ô[39m [30m[42m server [49m[39m tests/api/fm/vendor-assignments.route.test.ts [2m([22m[2m3 tests[22m[2m)[22m[33m 412[2mms[22m[39m
 [32mΓ£ô[39m [30m[42m server [49m[39m tests/unit/lib/utils.test.ts [2m([22m[2m12 tests[22m[2m)[22m[33m 540[2mms[22m[39m
 [32mΓ£ô[39m [30m[42m server [49m[39m tests/api/upload/presigned-url.route.test.ts [2m([22m[2m6 tests[22m[2m)[22m[33m 443[2mms[22m[39m
 [32mΓ£ô[39m [30m[42m server [49m[39m tests/api/files/resumes.presign.route.test.ts [2m([22m[2m3 tests[22m[2m)[22m[33m 433[2mms[22m[39m
 [32mΓ£ô[39m [30m[42m server [49m[39m tests/models/candidate.test.ts [2m([22m[2m3 tests[22m[2m)[22m[33m 496[2mms[22m[39m
 [32mΓ£ô[39m [30m[42m server [49m[39m tests/unit/lib/otp-store.test.ts [2m([22m[2m25 tests[22m[2m)[22m[33m 763[2mms[22m[39m
 [32mΓ£ô[39m [30m[42m server [49m[39m tests/unit/lib/env-validation.test.ts [2m([22m[2m4 tests[22m[2m)[22m[33m 407[2mms[22m[39m
 [32mΓ£ô[39m [30m[42m server [49m[39m tests/server/services/hr/leave-type.service.test.ts [2m([22m[2m9 tests[22m[2m)[22m[33m 518[2mms[22m[39m
 [32mΓ£ô[39m [30m[42m server [49m[39m tests/api/finance/invoices.route.test.ts [2m([22m[2m3 tests[22m[2m)[22m[33m 377[2mms[22m[39m
 [32mΓ£ô[39m [30m[42m server [49m[39m tests/api/crm/overview.route.test.ts [2m([22m[2m7 tests[22m[2m)[22m[33m 427[2mms[22m[39m
 [32mΓ£ô[39m [30m[42m server [49m[39m tests/unit/api/souq/seller-central/kyc-pending.test.ts [2m([22m[2m5 tests[22m[2m)[22m[33m 400[2mms[22m[39m
 [32mΓ£ô[39m [30m[42m server [49m[39m tests/server/services/finance/postingService.test.ts [2m([22m[2m8 tests[22m[2m)[22m[33m 396[2mms[22m[39m
 [32mΓ£ô[39m [30m[42m server [49m[39m tests/api/souq/products/products.route.test.ts [2m([22m[2m1 test[22m[2m)[22m[33m 628[2mms[22m[39m
 [32mΓ£ô[39m [30m[42m server [49m[39m tests/api/ats/interviews.route.test.ts [2m([22m[2m4 tests[22m[2m)[22m[33m 385[2mms[22m[39m
[90mstdout[2m | tests/unit/models/NotificationLog.test.ts[2m > [22m[2mNotificationLog model[2m > [22m[2mapplies org-scoped unique index and TTL index
[22m[39mNotificationLog indexes [
  [
    { orgId: [33m1[39m, notificationId: [33m1[39m },
    {
      unique: [33mtrue[39m,
      partialFilterExpression: [36m[Object][39m,
      background: [33mtrue[39m
    }
  ],
  [
    { createdAt: [33m1[39m },
    { expireAfterSeconds: [33m604800[39m, background: [33mtrue[39m }
  ]
]

[90mstdout[2m | tests/unit/models/NotificationLog.test.ts[2m > [22m[2mNotificationDeadLetter model[2m > [22m[2mapplies org-scoped index and TTL index
[22m[39mNotificationDeadLetter indexes [
  [ { orgId: [33m1[39m }, { background: [33mtrue[39m } ],
  [ { notificationId: [33m1[39m }, { background: [33mtrue[39m } ],
  [ { orgId: [33m1[39m, notificationId: [33m1[39m }, { background: [33mtrue[39m } ],
  [
    { createdAt: [33m1[39m },
    { expireAfterSeconds: [33m259200[39m, background: [33mtrue[39m }
  ]
]

 [32mΓ£ô[39m [30m[42m server [49m[39m tests/unit/models/NotificationLog.test.ts [2m([22m[2m4 tests[22m[2m)[22m[33m 357[2mms[22m[39m
 [32mΓ£ô[39m [30m[42m server [49m[39m tests/unit/lib/auth/passwordReset.test.ts [2m([22m[2m11 tests[22m[2m)[22m[33m 413[2mms[22m[39m
 [32mΓ£ô[39m [30m[42m server [49m[39m tests/api/superadmin/tenant-switch-audit.route.test.ts [2m([22m[2m6 tests[22m[2m)[22m[33m 393[2mms[22m[39m
 [32mΓ£ô[39m [30m[42m server [49m[39m tests/api/_smoke/auth-enforcement.route.test.ts [2m([22m[2m6 tests[22m[2m)[22m[33m 376[2mms[22m[39m
 [32mΓ£ô[39m [30m[42m server [49m[39m tests/api/properties/properties-detail.route.test.ts [2m([22m[2m1 test[22m[2m)[22m[33m 572[2mms[22m[39m
 [32mΓ£ô[39m [30m[42m server [49m[39m tests/server/lib/email.test.ts [2m([22m[2m3 tests[22m[2m)[22m[33m 399[2mms[22m[39m
 [32mΓ£ô[39m [30m[42m server [49m[39m tests/api/webhooks/taqnyat.route.test.ts [2m([22m[2m3 tests[22m[2m)[22m[33m 490[2mms[22m[39m
 [32mΓ£ô[39m [30m[42m server [49m[39m tests/server/copilot/approveQuotation.test.ts [2m([22m[2m3 tests[22m[2m)[22m[33m 467[2mms[22m[39m
 [32mΓ£ô[39m [30m[42m server [49m[39m tests/unit/api/projects/route.test.ts [2m([22m[2m3 tests[22m[2m)[22m[33m 464[2mms[22m[39m
 [32mΓ£ô[39m [30m[42m server [49m[39m tests/api/assistant/query.route.test.ts [2m([22m[2m5 tests[22m[2m)[22m[33m 450[2mms[22m[39m
 [32mΓ£ô[39m [30m[42m server [49m[39m tests/api/souq/analytics-dashboard.route.test.ts [2m([22m[2m9 tests[22m[2m)[22m[33m 555[2mms[22m[39m
 [32mΓ£ô[39m [30m[42m server [49m[39m tests/api/superadmin/phases.route.test.ts [2m([22m[2m5 tests[22m[2m)[22m[33m 427[2mms[22m[39m
 [32mΓ£ô[39m [30m[42m server [49m[39m tests/api/admin/notifications-send.route.test.ts [2m([22m[2m3 tests[22m[2m)[22m[33m 407[2mms[22m[39m
 [32mΓ£ô[39m [30m[42m server [49m[39m tests/api/onboarding/initiate.route.test.ts [2m([22m[2m8 tests[22m[2m)[22m[33m 555[2mms[22m[39m
 [32mΓ£ô[39m [30m[42m server [49m[39m tests/unit/api/health/health.test.ts [2m([22m[2m3 tests[22m[2m)[22m[33m 455[2mms[22m[39m
 [32mΓ£ô[39m [30m[42m server [49m[39m tests/unit/api/souq/repricer/settings.route.test.ts [2m([22m[2m13 tests[22m[2m)[22m[33m 573[2mms[22m[39m
 [32mΓ£ô[39m [30m[42m server [49m[39m tests/api/fm/system-roles.route.test.ts [2m([22m[2m2 tests[22m[2m)[22m[33m 654[2mms[22m[39m
 [32mΓ£ô[39m [30m[42m server [49m[39m tests/unit/services/work-order-status-race.test.ts [2m([22m[2m12 tests[22m[2m)[22m[33m 705[2mms[22m[39m
 [32mΓ£ô[39m [30m[42m server [49m[39m tests/unit/lib/resilience/resilience-utils.test.ts [2m([22m[2m4 tests[22m[2m)[22m[33m 398[2mms[22m[39m
 [32mΓ£ô[39m [30m[42m server [49m[39m tests/vitest.config.test.ts [2m([22m[2m6 tests[22m[2m)[22m[33m 406[2mms[22m[39m
 [32mΓ£ô[39m [30m[42m server [49m[39m tests/unit/api/superadmin/login.route.test.ts [2m([22m[2m11 tests[22m[2m)[22m[33m 599[2mms[22m[39m
 [32mΓ£ô[39m [30m[42m server [49m[39m tests/api/notifications/notifications.route.test.ts [2m([22m[2m6 tests[22m[2m)[22m[33m 430[2mms[22m[39m
 [32mΓ£ô[39m [30m[42m server [49m[39m tests/api/careers/public-jobs.route.test.ts [2m([22m[2m3 tests[22m[2m)[22m[33m 394[2mms[22m[39m
 [32mΓ£ô[39m [30m[42m server [49m[39m tests/api/sms/test.route.test.ts [2m([22m[2m8 tests[22m[2m)[22m[33m 499[2mms[22m[39m
 [32mΓ£ô[39m [30m[42m server [49m[39m tests/server/hr/attendance.service.test.ts [2m([22m[2m2 tests[22m[2m)[22m[33m 396[2mms[22m[39m
 [32mΓ£ô[39m [30m[42m server [49m[39m tests/unit/lib/config/tenant.server.test.ts [2m([22m[2m2 tests[22m[2m)[22m[33m 434[2mms[22m[39m
 [32mΓ£ô[39m [30m[42m server [49m[39m tests/api/assets/assets.route.test.ts [2m([22m[2m4 tests[22m[2m)[22m[33m 699[2mms[22m[39m
 [32mΓ£ô[39m [30m[42m server [49m[39m tests/unit/api/counters.route.test.ts [2m([22m[2m2 tests[22m[2m)[22m[33m 372[2mms[22m[39m
 [32mΓ£ô[39m [30m[42m server [49m[39m tests/api/work-orders/work-orders.route.test.ts [2m([22m[2m2 tests[22m[2m)[22m[33m 390[2mms[22m[39m
 [32mΓ£ô[39m [30m[42m server [49m[39m tests/api/marketplace/products/route.test.ts [2m([22m[2m2 tests[22m[2m)[22m[33m 390[2mms[22m[39m
 [32mΓ£ô[39m [30m[42m server [49m[39m tests/api/work-orders/work-orders-status.route.test.ts [2m([22m[2m1 test[22m[2m)[22m[33m 614[2mms[22m[39m
 [32mΓ£ô[39m [30m[42m server [49m[39m tests/api/marketplace/rfq.route.test.ts [2m([22m[2m9 tests[22m[2m)[22m[33m 733[2mms[22m[39m
 [32mΓ£ô[39m [30m[42m server [49m[39m tests/unit/api/souq/seller-central/kyc-status.test.ts [2m([22m[2m4 tests[22m[2m)[22m[33m 389[2mms[22m[39m
 [32mΓ£ô[39m [30m[42m server [49m[39m tests/unit/api/auth-test-session.route.test.ts [2m([22m[2m2 tests[22m[2m)[22m[33m 422[2mms[22m[39m
 [32mΓ£ô[39m [30m[42m server [49m[39m tests/models/MarketplaceProduct.test.ts [2m([22m[2m4 tests[22m[2m)[22m[33m 421[2mms[22m[39m
 [32mΓ£ô[39m [30m[42m server [49m[39m tests/unit/api/sms-test-route.test.ts [2m([22m[2m6 tests[22m[2m)[22m[33m 610[2mms[22m[39m
 [32mΓ£ô[39m [30m[42m server [49m[39m tests/server/services/ats/offer-pdf.test.ts [2m([22m[2m7 tests[22m[2m)[22m[33m 529[2mms[22m[39m
 [32mΓ£ô[39m [30m[42m server [49m[39m tests/unit/api/upload/org-scope.test.ts [2m([22m[2m4 tests[22m[2m)[22m[33m 431[2mms[22m[39m
 [32mΓ£ô[39m [30m[42m server [49m[39m tests/unit/api/marketplace/search/route.test.ts [2m([22m[2m4 tests[22m[2m)[22m[33m 426[2mms[22m[39m
 [32mΓ£ô[39m [30m[42m server [49m[39m tests/api/aqar/favorites.route.test.ts [2m([22m[2m4 tests[22m[2m)[22m[33m 427[2mms[22m[39m
 [32mΓ£ô[39m [30m[42m server [49m[39m tests/api/properties/properties.route.test.ts [2m([22m[2m2 tests[22m[2m)[22m[33m 433[2mms[22m[39m
 [32mΓ£ô[39m [30m[42m server [49m[39m tests/api/aqar/listings-recommendations.route.test.ts [2m([22m[2m2 tests[22m[2m)[22m[33m 467[2mms[22m[39m
 [32mΓ£ô[39m [30m[42m server [49m[39m tests/api/finance/reports/income-statement.route.test.ts [2m([22m[2m8 tests[22m[2m)[22m[33m 681[2mms[22m[39m
 [32mΓ£ô[39m [30m[42m server [49m[39m tests/api/marketplace/categories.route.test.ts [2m([22m[2m5 tests[22m[2m)[22m[33m 484[2mms[22m[39m
 [32mΓ£ô[39m [30m[42m server [49m[39m tests/api/checkout/complete.route.test.ts [2m([22m[2m3 tests[22m[2m)[22m[33m 435[2mms[22m[39m
 [32mΓ£ô[39m [30m[42m server [49m[39m tests/unit/lib/auth/role-guards.test.ts [2m([22m[2m4 tests[22m[2m)[22m[33m 374[2mms[22m[39m
 [32mΓ£ô[39m [30m[42m server [49m[39m tests/unit/api/upload/scan-status.test.ts [2m([22m[2m14 tests[22m[2m)[22m[33m 669[2mms[22m[39m
 [32mΓ£ô[39m [30m[42m server [49m[39m tests/api/auth/me.route.test.ts [2m([22m[2m2 tests[22m[2m)[22m[33m 613[2mms[22m[39m
 [32mΓ£ô[39m [30m[42m server [49m[39m tests/api/issues/route.test.ts [2m([22m[2m10 tests[22m[2m)[22m[33m 384[2mms[22m[39m
 [32mΓ£ô[39m [30m[42m server [49m[39m tests/api/work-orders/work-orders-assign.route.test.ts [2m([22m[2m1 test[22m[2m)[22m[33m 374[2mms[22m[39m
 [32mΓ£ô[39m [30m[42m server [49m[39m tests/api/benchmarks/compare.route.test.ts [2m([22m[2m5 tests[22m[2m)[22m[33m 455[2mms[22m[39m
 [32mΓ£ô[39m [30m[42m server [49m[39m tests/unit/api/superadmin/logout.route.test.ts [2m([22m[2m3 tests[22m[2m)[22m[33m 392[2mms[22m[39m
 [32mΓ£ô[39m [30m[42m server [49m[39m tests/unit/server/services/escalation.service.test.ts [2m([22m[2m15 tests[22m[2m)[22m[33m 405[2mms[22m[39m
 [32mΓ£ô[39m [30m[42m server [49m[39m tests/api/subscribe/owner.route.test.ts [2m([22m[2m7 tests[22m[2m)[22m[33m 503[2mms[22m[39m
 [32mΓ£ô[39m [30m[42m server [49m[39m tests/api/security/ai-security-monitor.test.ts [2m([22m[2m2 tests[22m[2m)[22m[33m 358[2mms[22m[39m
 [32mΓ£ô[39m [30m[42m server [49m[39m tests/api/souq/sellers.route.test.ts [2m([22m[2m5 tests[22m[2m)[22m[33m 542[2mms[22m[39m
 [32mΓ£ô[39m [30m[42m server [49m[39m tests/server/hr/wpsService.test.ts [2m([22m[2m3 tests[22m[2m)[22m[33m 363[2mms[22m[39m
 [32mΓ£ô[39m [30m[42m server [49m[39m tests/unit/server/utils/errorResponses.isForbidden.test.ts [2m([22m[2m4 tests[22m[2m)[22m[33m 412[2mms[22m[39m
 [32mΓ£ô[39m [30m[42m server [49m[39m tests/api/finance/payments.route.test.ts [2m([22m[2m11 tests[22m[2m)[22m[33m 859[2mms[22m[39m
 [32mΓ£ô[39m [30m[42m server [49m[39m tests/unit/server/aggregateWithTenantScope.test.ts [2m([22m[2m2 tests[22m[2m)[22m[33m 414[2mms[22m[39m
 [32mΓ£ô[39m [30m[42m server [49m[39m tests/api/support/organizations-search.route.test.ts [2m([22m[2m26 tests[22m[2m)[22m[33m 896[2mms[22m[39m
 [32mΓ£ô[39m [30m[42m server [49m[39m tests/api/qa/health.route.test.ts [2m([22m[2m4 tests[22m[2m)[22m[33m 461[2mms[22m[39m
 [32mΓ£ô[39m [30m[42m server [49m[39m tests/api/aqar/packages.route.test.ts [2m([22m[2m3 tests[22m[2m)[22m[33m 435[2mms[22m[39m
 [32mΓ£ô[39m [30m[42m server [49m[39m tests/unit/server/services/onboardingKpi.service.test.ts [2m([22m[2m5 tests[22m[2m)[22m[33m 494[2mms[22m[39m
 [32mΓ£ô[39m [30m[42m server [49m[39m tests/services/souq/settlements/balance-service.test.ts [2m([22m[2m5 tests[22m[2m)[22m[33m 395[2mms[22m[39m
 [32mΓ£ô[39m [30m[42m server [49m[39m tests/api/ai/analytics.route.test.ts [2m([22m[2m5 tests[22m[2m)[22m[33m 481[2mms[22m[39m
 [32mΓ£ô[39m [30m[42m server [49m[39m tests/server/withAuthRbac.test.ts [2m([22m[2m4 tests[22m[2m)[22m[33m 437[2mms[22m[39m
 [32mΓ£ô[39m [30m[42m server [49m[39m tests/api/graphql/graphql.route.test.ts [2m([22m[2m4 tests[22m[2m)[22m[33m 410[2mms[22m[39m
 [32mΓ£ô[39m [30m[42m server [49m[39m tests/api/finance/ledger.route.test.ts [2m([22m[2m2 tests[22m[2m)[22m[33m 378[2mms[22m[39m
 [32mΓ£ô[39m [30m[42m server [49m[39m tests/unit/api/admin/discounts.route.test.ts [2m([22m[2m3 tests[22m[2m)[22m[33m 669[2mms[22m[39m
 [32mΓ£ô[39m [30m[42m server [49m[39m tests/jobs/zatca-retry-queue.test.ts [2m([22m[2m2 tests[22m[2m)[22m[33m 411[2mms[22m[39m
 [32mΓ£ô[39m [30m[42m server [49m[39m tests/api/jobs/process.test.ts [2m([22m[2m3 tests[22m[2m)[22m[33m 451[2mms[22m[39m
 [32mΓ£ô[39m [30m[42m server [49m[39m tests/unit/services/souq/org-scope.test.ts [2m([22m[2m5 tests[22m[2m)[22m[33m 427[2mms[22m[39m
 [32mΓ£ô[39m [30m[42m server [49m[39m tests/services/souq/settlements/payout-processor.test.ts [2m([22m[2m4 tests[22m[2m)[22m[33m 367[2mms[22m[39m
 [32mΓ£ô[39m [30m[42m server [49m[39m tests/api/work-orders/materials.route.test.ts [2m([22m[2m1 test[22m[2m)[22m[33m 405[2mms[22m[39m
[2m10:20:32 AM[22m [33m[1m[vite][22m[39m [33m[2m(ssr)[22m[39m [33mwarning: [33mDuplicate key "connectToDatabase" in object literal[33m
113 |        collection: () => collection,
114 |      }),
115 |      connectToDatabase: async () => undefined,
    |      ^
116 |      connectDb: async () => undefined,
117 |      dbConnect: async () => undefined,
[39m
  Plugin: [35mvite:esbuild[39m
  File: [36mC:/Dev/Fixzit/tests/services/claims/claim-service-tenant.test.ts[39m
 [32mΓ£ô[39m [30m[42m server [49m[39m tests/services/claims/claim-service-tenant.test.ts [2m([22m[2m4 tests[22m[2m)[22m[33m 439[2mms[22m[39m
 [32mΓ£ô[39m [30m[42m server [49m[39m tests/unit/api/qa/health.route.test.ts [2m([22m[2m5 tests[22m[2m)[22m[33m 637[2mms[22m[39m
 [32mΓ£ô[39m [30m[42m server [49m[39m tests/api/docs/openapi.route.test.ts [2m([22m[2m3 tests[22m[2m)[22m[33m 380[2mms[22m[39m
 [32mΓ£ô[39m [30m[42m server [49m[39m tests/api/finance/reports/balance-sheet.route.test.ts [2m([22m[2m7 tests[22m[2m)[22m[33m 799[2mms[22m[39m
 [32mΓ£ô[39m [30m[42m server [49m[39m tests/api/fm/building-model-tour.route.test.ts [2m([22m[2m10 tests[22m[2m)[22m[33m 606[2mms[22m[39m
 [32mΓ£ô[39m [30m[42m server [49m[39m tests/unit/api/rfqs/bids.route.test.ts [2m([22m[2m2 tests[22m[2m)[22m[33m 368[2mms[22m[39m
 [32mΓ£ô[39m [30m[42m server [49m[39m tests/unit/services/notifications/seller-notification-service.test.ts [2m([22m[2m3 tests[22m[2m)[22m[33m 427[2mms[22m[39m
 [32mΓ£ô[39m [30m[42m server [49m[39m tests/unit/server/work-orders/wo.service.test.ts [2m([22m[2m4 tests[22m[2m)[22m[33m 416[2mms[22m[39m
 [32mΓ£ô[39m [30m[42m server [49m[39m tests/unit/services/souq/rules-config.test.ts [2m([22m[2m2 tests[22m[2m)[22m[33m 400[2mms[22m[39m
 [32mΓ£ô[39m [30m[42m server [49m[39m tests/api/souq/settlements/settlements.route.test.ts [2m([22m[2m1 test[22m[2m)[22m[33m 432[2mms[22m[39m
 [32mΓ£ô[39m [30m[42m server [49m[39m tests/server/services/ats/application-intake.test.ts [2m([22m[2m17 tests[22m[2m)[22m[33m 472[2mms[22m[39m
 [32mΓ£ô[39m [30m[42m server [49m[39m tests/unit/api/fm/properties/route.test.ts [2m([22m[2m7 tests[22m[2m)[22m[33m 666[2mms[22m[39m
 [32mΓ£ô[39m [30m[42m server [49m[39m tests/api/souq/claims-org-scope.route.test.ts [2m([22m[2m4 tests[22m[2m)[22m[33m 411[2mms[22m[39m
 [32mΓ£ô[39m [30m[42m server [49m[39m tests/api/souq/inventory/inventory.route.test.ts [2m([22m[2m1 test[22m[2m)[22m[33m 378[2mms[22m[39m
 [32mΓ£ô[39m [30m[42m server [49m[39m tests/api/auth/reset-password.route.test.ts [2m([22m[2m2 tests[22m[2m)[22m[33m 371[2mms[22m[39m
 [32mΓ£ô[39m [30m[42m server [49m[39m tests/unit/api/filters/presets.route.test.ts [2m([22m[2m3 tests[22m[2m)[22m[33m 397[2mms[22m[39m
 [32mΓ£ô[39m [30m[42m server [49m[39m tests/api/onboarding/onboarding.route.test.ts [2m([22m[2m9 tests[22m[2m)[22m[33m 498[2mms[22m[39m
 [32mΓ£ô[39m [30m[42m server [49m[39m tests/unit/api/issues/issues-stats.route.test.ts [2m([22m[2m7 tests[22m[2m)[22m[33m 424[2mms[22m[39m
 [32mΓ£ô[39m [30m[42m server [49m[39m tests/unit/api/search/scoping-tenant.smoke.test.ts [2m([22m[2m3 tests[22m[2m)[22m[33m 360[2mms[22m[39m
 [32mΓ£ô[39m [30m[42m server [49m[39m tests/server/copilot/uploadWorkOrderPhoto.test.ts [2m([22m[2m4 tests[22m[2m)[22m[33m 516[2mms[22m[39m
 [32mΓ£ô[39m [30m[42m server [49m[39m tests/unit/api/admin/notifications.test.ts [2m([22m[2m1 test[22m[2m)[22m[33m 351[2mms[22m[39m
 [32mΓ£ô[39m [30m[42m server [49m[39m tests/api/billing/upgrade.route.test.ts [2m([22m[2m5 tests[22m[2m)[22m[33m 679[2mms[22m[39m
 [32mΓ£ô[39m [30m[42m server [49m[39m tests/unit/api/auth/forgot-password.test.ts [2m([22m[2m3 tests[22m[2m)[22m[33m 429[2mms[22m[39m
 [32mΓ£ô[39m [30m[42m server [49m[39m tests/unit/lib/sla-business-hours.test.ts [2m([22m[2m16 tests[22m[2m)[22m[33m 710[2mms[22m[39m
 [32mΓ£ô[39m [30m[42m server [49m[39m tests/unit/server/lib/i18n/server.test.ts [2m([22m[2m3 tests[22m[2m)[22m[33m 397[2mms[22m[39m
 [32mΓ£ô[39m [30m[42m server [49m[39m tests/unit/api/vendor-apply/route.test.ts [2m([22m[2m1 test[22m[2m)[22m[33m 369[2mms[22m[39m
 [32mΓ£ô[39m [30m[42m server [49m[39m tests/api/admin/sms.settings.route.test.ts [2m([22m[2m2 tests[22m[2m)[22m[33m 371[2mms[22m[39m
 [32mΓ£ô[39m [30m[42m server [49m[39m tests/api/performance/metrics.route.test.ts [2m([22m[2m6 tests[22m[2m)[22m[33m 515[2mms[22m[39m
 [32mΓ£ô[39m [30m[42m server [49m[39m tests/server/hr/leave-types.route.test.ts [2m([22m[2m5 tests[22m[2m)[22m[33m 645[2mms[22m[39m
 [32mΓ£ô[39m [30m[42m server [49m[39m tests/api/auth/refresh.route.test.ts [2m([22m[2m2 tests[22m[2m)[22m[33m 395[2mms[22m[39m
 [32mΓ£ô[39m [30m[42m server [49m[39m tests/unit/lib/finance/checkout.test.ts [2m([22m[2m3 tests[22m[2m)[22m[33m 397[2mms[22m[39m
 [32mΓ£ô[39m [30m[42m server [49m[39m tests/api/souq/deals.route.test.ts [2m([22m[2m6 tests[22m[2m)[22m[33m 513[2mms[22m[39m
 [32mΓ£ô[39m [30m[42m server [49m[39m tests/server/copilot/scheduleVisit.test.ts [2m([22m[2m2 tests[22m[2m)[22m[33m 413[2mms[22m[39m
 [32mΓ£ô[39m [30m[42m server [49m[39m tests/unit/lib/db/aggregateWithTenantScope.test.ts [2m([22m[2m6 tests[22m[2m)[22m[33m 505[2mms[22m[39m
 [32mΓ£ô[39m [30m[42m server [49m[39m tests/api/aqar/properties.route.test.ts [2m([22m[2m2 tests[22m[2m)[22m[33m 447[2mms[22m[39m
 [32mΓ£ô[39m [30m[42m server [49m[39m tests/unit/api/fm/work-orders/attachments.route.test.ts [2m([22m[2m3 tests[22m[2m)[22m[33m 389[2mms[22m[39m
 [32mΓ£ô[39m [30m[42m server [49m[39m tests/unit/api/aqar/listings.route.test.ts [2m([22m[2m3 tests[22m[2m)[22m[33m 415[2mms[22m[39m
 [32mΓ£ô[39m [30m[42m server [49m[39m tests/api/billing/history.route.test.ts [2m([22m[2m4 tests[22m[2m)[22m[33m 721[2mms[22m[39m
 [32mΓ£ô[39m [30m[42m server [49m[39m tests/server/services/owner/financeIntegration.test.ts [2m([22m[2m3 tests[22m[2m)[22m[33m 452[2mms[22m[39m
 [32mΓ£ô[39m [30m[42m server [49m[39m tests/server/config/auth-secret.test.ts [2m([22m[2m2 tests[22m[2m)[22m[33m 448[2mms[22m[39m
 [32mΓ£ô[39m [30m[42m server [49m[39m tests/unit/api/fm/work-orders/stats.route.test.ts [2m([22m[2m4 tests[22m[2m)[22m[33m 469[2mms[22m[39m
 [32mΓ£ô[39m [30m[42m server [49m[39m tests/unit/api/upload/presigned-url.error.test.ts [2m([22m[2m1 test[22m[2m)[22m[33m 401[2mms[22m[39m
 [32mΓ£ô[39m [30m[42m server [49m[39m tests/unit/api/body-parse-negative.test.ts [2m([22m[2m2 tests[22m[2m)[22m[33m 410[2mms[22m[39m
 [32mΓ£ô[39m [30m[42m server [49m[39m tests/unit/api/fm/reports/process-av.test.ts [2m([22m[2m1 test[22m[2m)[22m[33m 642[2mms[22m[39m
 [32mΓ£ô[39m [30m[42m server [49m[39m tests/api/checkout/session.route.test.ts [2m([22m[2m4 tests[22m[2m)[22m[33m 523[2mms[22m[39m
 [32mΓ£ô[39m [30m[42m server [49m[39m tests/api/crm/accounts-share.route.test.ts [2m([22m[2m7 tests[22m[2m)[22m[33m 467[2mms[22m[39m
 [32mΓ£ô[39m [30m[42m server [49m[39m tests/api/webhooks/sendgrid.route.test.ts [2m([22m[2m3 tests[22m[2m)[22m[33m 428[2mms[22m[39m
 [32mΓ£ô[39m [30m[42m server [49m[39m tests/api/fm/finance/budgets/id.route.test.ts [2m([22m[2m2 tests[22m[2m)[22m[33m 422[2mms[22m[39m
 [32mΓ£ô[39m [30m[42m server [49m[39m tests/unit/app/api/search/search-entities.test.ts [2m([22m[2m2 tests[22m[2m)[22m[33m 417[2mms[22m[39m
 [32mΓ£ô[39m [30m[42m server [49m[39m tests/unit/services/fm/auto-assignment-engine.test.ts [2m([22m[2m3 tests[22m[2m)[22m[33m 507[2mms[22m[39m
 [32mΓ£ô[39m [30m[42m server [49m[39m tests/api/i18n/i18n.route.test.ts [2m([22m[2m1 test[22m[2m)[22m[33m 372[2mms[22m[39m
 [32mΓ£ô[39m [30m[42m server [49m[39m tests/api/ats/applications-id.route.test.ts [2m([22m[2m1 test[22m[2m)[22m[33m 411[2mms[22m[39m
 [32mΓ£ô[39m [30m[42m server [49m[39m tests/api/vendor/apply.route.test.ts [2m([22m[2m1 test[22m[2m)[22m[33m 365[2mms[22m[39m
 [32mΓ£ô[39m [30m[42m server [49m[39m tests/services/settlements/escrow-service.test.ts [2m([22m[2m3 tests[22m[2m)[22m[33m 423[2mms[22m[39m
 [32mΓ£ô[39m [30m[42m server [49m[39m tests/unit/lib/queries.kpi.test.ts [2m([22m[2m3 tests[22m[2m)[22m[33m 353[2mms[22m[39m
 [32mΓ£ô[39m [30m[42m server [49m[39m tests/unit/api/aqar/chat.route.test.ts [2m([22m[2m3 tests[22m[2m)[22m[33m 390[2mms[22m[39m
 [32mΓ£ô[39m [30m[42m server [49m[39m tests/server/hr/payroll-finance.integration.test.ts [2m([22m[2m2 tests[22m[2m)[22m[33m 442[2mms[22m[39m
 [32mΓ£ô[39m [30m[42m server [49m[39m tests/unit/lib/env.test.ts [2m([22m[2m2 tests[22m[2m)[22m[33m 350[2mms[22m[39m
 [32mΓ£ô[39m [30m[42m server [49m[39m tests/services/admin/notification-engine.test.ts [2m([22m[2m8 tests[22m[2m)[22m[33m 572[2mms[22m[39m
 [32mΓ£ô[39m [30m[42m server [49m[39m tests/unit/api/superadmin/session.route.test.ts [2m([22m[2m5 tests[22m[2m)[22m[33m 467[2mms[22m[39m
 [32mΓ£ô[39m [30m[42m server [49m[39m tests/api/settings/logo.route.test.ts [2m([22m[2m4 tests[22m[2m)[22m[33m 417[2mms[22m[39m
 [32mΓ£ô[39m [30m[42m server [49m[39m tests/api/billing/subscribe.route.test.ts [2m([22m[2m4 tests[22m[2m)[22m[33m 689[2mms[22m[39m
 [32mΓ£ô[39m [30m[42m server [49m[39m tests/unit/api/qa/reconnect.route.test.ts [2m([22m[2m3 tests[22m[2m)[22m[33m 764[2mms[22m[39m
 [32mΓ£ô[39m [30m[42m server [49m[39m tests/unit/api/aqar/leads.route.test.ts [2m([22m[2m3 tests[22m[2m)[22m[33m 397[2mms[22m[39m
 [32mΓ£ô[39m [30m[42m server [49m[39m tests/services/claims-refund-processor.test.ts [2m([22m[2m6 tests[22m[2m)[22m[33m 687[2mms[22m[39m
 [32mΓ£ô[39m [30m[42m server [49m[39m tests/unit/returns/returns-service.test.ts [2m([22m[2m2 tests[22m[2m)[22m[33m 368[2mms[22m[39m
 [32mΓ£ô[39m [30m[42m server [49m[39m tests/unit/server/config/aws-config.test.ts [2m([22m[2m3 tests[22m[2m)[22m[33m 433[2mms[22m[39m
 [32mΓ£ô[39m [30m[42m server [49m[39m tests/services/settlements/payout-processor.test.ts [2m([22m[2m3 tests[22m[2m)[22m[33m 357[2mms[22m[39m
 [32mΓ£ô[39m [30m[42m server [49m[39m tests/api/rfqs/bids-invalid-id.test.ts [2m([22m[2m1 test[22m[2m)[22m[33m 346[2mms[22m[39m
 [32mΓ£ô[39m [30m[42m server [49m[39m tests/unit/lib/mongo.test.ts [2m([22m[2m3 tests[22m[2m)[22m[33m 333[2mms[22m[39m
 [32mΓ£ô[39m [30m[42m server [49m[39m tests/api/auth/otp.routes.test.ts [2m([22m[2m2 tests[22m[2m)[22m[33m 561[2mms[22m[39m
 [32mΓ£ô[39m [30m[42m server [49m[39m tests/api/issues/stats.route.test.ts [2m([22m[2m7 tests[22m[2m | [22m[33m4 skipped[39m[2m)[22m[33m 382[2mms[22m[39m
 [32mΓ£ô[39m [30m[42m server [49m[39m tests/unit/api/issues/issues-import.route.test.ts [2m([22m[2m9 tests[22m[2m)[22m[33m 515[2mms[22m[39m
 [32mΓ£ô[39m [30m[42m server [49m[39m tests/server/api/counters.contract.test.ts [2m([22m[2m1 test[22m[2m)[22m[33m 370[2mms[22m[39m
 [32mΓ£ô[39m [30m[42m server [49m[39m tests/api/auth/forgot-password.route.test.ts [2m([22m[2m2 tests[22m[2m)[22m[33m 402[2mms[22m[39m
 [32mΓ£ô[39m [30m[42m server [49m[39m tests/api/crm/log-call.route.test.ts [2m([22m[2m7 tests[22m[2m)[22m[33m 461[2mms[22m[39m
 [32mΓ£ô[39m [30m[42m server [49m[39m tests/api/fm/work-orders.rate-limit.test.ts [2m([22m[2m1 test[22m[2m)[22m[33m 412[2mms[22m[39m
 [32mΓ£ô[39m [30m[42m server [49m[39m tests/api/rfqs/publish-invalid-id.test.ts [2m([22m[2m1 test[22m[2m)[22m[33m 415[2mms[22m[39m
 [32mΓ£ô[39m [30m[42m server [49m[39m tests/api/admin/users.rate-limit.test.ts [2m([22m[2m1 test[22m[2m)[22m[33m 414[2mms[22m[39m
 [32mΓ£ô[39m [30m[42m server [49m[39m tests/unit/lib/superadmin.auth.test.ts [2m([22m[2m2 tests[22m[2m)[22m[33m 435[2mms[22m[39m
 [32mΓ£ô[39m [30m[42m server [49m[39m tests/unit/api/finance/invoices.route.test.ts [2m([22m[2m1 test[22m[2m)[22m[33m 455[2mms[22m[39m
 [32mΓ£ô[39m [30m[42m server [49m[39m tests/unit/api/aqar-packages/parse-error.test.ts [2m([22m[2m1 test[22m[2m)[22m[33m 438[2mms[22m[39m
 [32mΓ£ô[39m [30m[42m server [49m[39m tests/api/auth/force-logout.route.test.ts [2m([22m[2m1 test[22m[2m)[22m[33m 438[2mms[22m[39m
 [32mΓ£ô[39m [30m[42m server [49m[39m tests/unit/api/aqar/recommendations.route.test.ts [2m([22m[2m2 tests[22m[2m)[22m[33m 421[2mms[22m[39m
 [32mΓ£ô[39m [30m[42m server [49m[39m tests/unit/api/hr/employees.route.test.ts [2m([22m[2m1 test[22m[2m)[22m[33m 425[2mms[22m[39m
 [32mΓ£ô[39m [30m[42m server [49m[39m tests/unit/api/admin/audit-logs.route.test.ts [2m([22m[2m1 test[22m[2m)[22m[33m 434[2mms[22m[39m
 [32mΓ£ô[39m [30m[42m server [49m[39m tests/unit/api/fm/work-orders/auto-assign.route.test.ts [2m([22m[2m2 tests[22m[2m)[22m[33m 447[2mms[22m[39m
 [32mΓ£ô[39m [30m[42m server [49m[39m tests/api/organization/settings.route.test.ts [2m([22m[2m1 test[22m[2m)[22m[33m 445[2mms[22m[39m
 [32mΓ£ô[39m [30m[42m server [49m[39m tests/server/hr/hr-notification.service.test.ts [2m([22m[2m2 tests[22m[2m)[22m[33m 420[2mms[22m[39m
 [32mΓ£ô[39m [30m[42m server [49m[39m tests/services/settlements/legacy-org.test.ts [2m([22m[2m3 tests[22m[2m)[22m[33m 435[2mms[22m[39m
[90mstdout[2m | tests/debug/inspect-journal.test.ts[2m > [22m[2minspect Journal module[2m > [22m[2mlogs shape
[22m[39mJournal is function
Journal keys [
  [32m'hooks'[39m,          [32m'base'[39m,
  [32m'modelName'[39m,      [32m'model'[39m,
  [32m'db'[39m,             [32m'discriminators'[39m,
  [32m'events'[39m,         [32m'$appliedMethods'[39m,
  [32m'findByModifier'[39m, [32m'findByDateRange'[39m,
  [32m'getUnbalanced'[39m,  [32m'getForPeriod'[39m,
  [32m'$appliedHooks'[39m,  [32m'_middleware'[39m,
  [32m'$__insertMany'[39m,  [32m'schema'[39m,
  [32m'collection'[39m,     [32m'$__collection'[39m,
  [32m'Query'[39m,          [32m'$init'[39m,
  [32m'$caught'[39m
]
Journal.default type undefined
Journal.default keys []

 [32mΓ£ô[39m [30m[42m server [49m[39m tests/debug/inspect-journal.test.ts [2m([22m[2m1 test[22m[2m)[22m[33m 366[2mms[22m[39m

[2m Test Files [22m [1m[32m434 passed[39m[22m[90m (434)[39m
[2m      Tests [22m [1m[32m3255 passed[39m[22m[2m | [22m[33m5 skipped[39m[90m (3260)[39m
[2m   Start at [22m 10:17:00
[2m   Duration [22m 259.95s[2m (transform 5.25s, setup 7.38s, collect 10.50s, tests 236.12s, environment 0ms, prepare 114ms)[22m

